

================================================================
== Vivado HLS Report for 'execute'
================================================================
* Date:           Tue Feb 12 15:58:47 2019

* Version:        2018.2.2 (Build 2345119 on Mon Oct 01 18:48:11 MDT 2018)
* Project:        nearest_neighbor
* Solution:       solution1
* Product family: zynq
* Target device:  xc7z020clg484-1


================================================================
== Performance Estimates
================================================================
+ Timing (ns): 
    * Summary: 
    +--------+-------+----------+------------+
    |  Clock | Target| Estimated| Uncertainty|
    +--------+-------+----------+------------+
    |ap_clk  |  10.00|     8.510|        1.25|
    +--------+-------+----------+------------+

+ Latency (clock cycles): 
    * Summary: 
    +-----+-----+-----+-----+---------+
    |  Latency  |  Interval | Pipeline|
    | min | max | min | max |   Type  |
    +-----+-----+-----+-----+---------+
    |  211|  211|  211|  211|   none  |
    +-----+-----+-----+-----+---------+

    + Detail: 
        * Instance: 
        N/A

        * Loop: 
        +------------------+-----+-----+----------+-----------+-----------+------+----------+
        |                  |  Latency  | Iteration|  Initiation Interval  | Trip |          |
        |     Loop Name    | min | max |  Latency |  achieved |   target  | Count| Pipelined|
        +------------------+-----+-----+----------+-----------+-----------+------+----------+
        |- copy3_label5    |    3|    3|         2|          1|          1|     3|    yes   |
        |- execute_label2  |  200|  200|         5|          2|          1|    99|    yes   |
        +------------------+-----+-----+----------+-----------+-----------+------+----------+

============================================================
+ Verbose Summary: Synthesis Manager
============================================================
InlineROM: 1
ExposeGlobal: 0
============================================================
+ Verbose Summary: CDFG Model
============================================================
IsTopModel: 1
ResetActiveHigh: 1
IsCombinational: 0
IsDatapathOnly: 0
HasWiredReturn: 1
HasMFsm: 0
HasVarLatency: 1
IsPipeline: 0
IsRtlPipelined: 0
IsInstanceOverlapped: 0
IsDontTouch: 0
HasImplIP: 0
IsGatedGlobalClock: 0

+ Individual pipeline summary: 
  * Pipeline-0: initiation interval (II) = 1, depth = 2
  * Pipeline-1: initiation interval (II) = 2, depth = 5


============================================================
+ Verbose Summary: Schedule
============================================================
* Number of FSM states : 14
* Pipeline : 2
  Pipeline-0 : II = 1, D = 2, States = { 6 7 }
  Pipeline-1 : II = 2, D = 5, States = { 9 10 11 12 13 }
* Dataflow Pipeline: 0

* FSM state transitions: 
1 --> 
	2  / true
2 --> 
	3  / true
3 --> 
	4  / true
4 --> 
	5  / true
5 --> 
	6  / true
6 --> 
	8  / (exitcond_i)
	7  / (!exitcond_i)
7 --> 
	6  / true
8 --> 
	9  / true
9 --> 
	14  / (exitcond)
	10  / (!exitcond)
10 --> 
	11  / true
11 --> 
	12  / true
12 --> 
	13  / true
13 --> 
	9  / true
14 --> 

* FSM state operations: 

State 1 <SV = 0> <Delay = 3.25>
ST_1 : Operation 15 [1/1] (0.00ns)   --->   "%points_addr = getelementptr [300 x i32]* %points, i64 0, i64 0"   --->   Operation 15 'getelementptr' 'points_addr' <Predicate = true> <Delay = 0.00>
ST_1 : Operation 16 [2/2] (2.32ns)   --->   "%query_load = load i32* getelementptr inbounds ([3 x i32]* @query, i64 0, i64 0), align 4" [kth_search.cpp:6->kth_search.cpp:35]   --->   Operation 16 'load' 'query_load' <Predicate = true> <Delay = 2.32> <Core = "RAM">   --->   Core 37 'RAM' <Latency = 1> <II = 1> <Delay = 2.32> <Storage> <Opcode : 'load' 'store'> <Ports = 2> <Width = 32> <Depth = 2> <RAM>
ST_1 : Operation 17 [2/2] (3.25ns)   --->   "%points_load = load i32* %points_addr, align 4" [kth_search.cpp:6->kth_search.cpp:35]   --->   Operation 17 'load' 'points_load' <Predicate = true> <Delay = 3.25> <Core = "RAM">   --->   Core 37 'RAM' <Latency = 1> <II = 1> <Delay = 2.32> <Storage> <Opcode : 'load' 'store'> <Ports = 2> <Width = 32> <Depth = 2> <RAM>

State 2 <SV = 1> <Delay = 5.80>
ST_2 : Operation 18 [1/1] (0.00ns)   --->   "%points_addr_1 = getelementptr [300 x i32]* %points, i64 0, i64 1" [kth_search.cpp:6->kth_search.cpp:35]   --->   Operation 18 'getelementptr' 'points_addr_1' <Predicate = true> <Delay = 0.00>
ST_2 : Operation 19 [1/1] (0.00ns)   --->   "%points_addr_2 = getelementptr [300 x i32]* %points, i64 0, i64 2" [kth_search.cpp:6->kth_search.cpp:35]   --->   Operation 19 'getelementptr' 'points_addr_2' <Predicate = true> <Delay = 0.00>
ST_2 : Operation 20 [1/2] (2.32ns)   --->   "%query_load = load i32* getelementptr inbounds ([3 x i32]* @query, i64 0, i64 0), align 4" [kth_search.cpp:6->kth_search.cpp:35]   --->   Operation 20 'load' 'query_load' <Predicate = true> <Delay = 2.32> <Core = "RAM">   --->   Core 37 'RAM' <Latency = 1> <II = 1> <Delay = 2.32> <Storage> <Opcode : 'load' 'store'> <Ports = 2> <Width = 32> <Depth = 2> <RAM>
ST_2 : Operation 21 [1/2] (3.25ns)   --->   "%points_load = load i32* %points_addr, align 4" [kth_search.cpp:6->kth_search.cpp:35]   --->   Operation 21 'load' 'points_load' <Predicate = true> <Delay = 3.25> <Core = "RAM">   --->   Core 37 'RAM' <Latency = 1> <II = 1> <Delay = 2.32> <Storage> <Opcode : 'load' 'store'> <Ports = 2> <Width = 32> <Depth = 2> <RAM>
ST_2 : Operation 22 [1/1] (2.55ns)   --->   "%tmp_i = sub nsw i32 %query_load, %points_load" [kth_search.cpp:6->kth_search.cpp:35]   --->   Operation 22 'sub' 'tmp_i' <Predicate = true> <Delay = 2.55> <Core = "AddSub">   --->   Core 14 'AddSub' <Latency = 0> <II = 1> <Delay = 2.55> <FuncUnit> <Opcode : 'add' 'sub'> <InPorts = 2> <OutPorts = 1>
ST_2 : Operation 23 [2/2] (2.32ns)   --->   "%query_load_1 = load i32* getelementptr inbounds ([3 x i32]* @query, i64 0, i64 1), align 4" [kth_search.cpp:6->kth_search.cpp:35]   --->   Operation 23 'load' 'query_load_1' <Predicate = true> <Delay = 2.32> <Core = "RAM">   --->   Core 37 'RAM' <Latency = 1> <II = 1> <Delay = 2.32> <Storage> <Opcode : 'load' 'store'> <Ports = 2> <Width = 32> <Depth = 2> <RAM>
ST_2 : Operation 24 [2/2] (3.25ns)   --->   "%points_load_1 = load i32* %points_addr_1, align 4" [kth_search.cpp:6->kth_search.cpp:35]   --->   Operation 24 'load' 'points_load_1' <Predicate = true> <Delay = 3.25> <Core = "RAM">   --->   Core 37 'RAM' <Latency = 1> <II = 1> <Delay = 2.32> <Storage> <Opcode : 'load' 'store'> <Ports = 2> <Width = 32> <Depth = 2> <RAM>
ST_2 : Operation 25 [2/2] (2.32ns)   --->   "%query_load_2 = load i32* getelementptr inbounds ([3 x i32]* @query, i64 0, i64 2), align 4" [kth_search.cpp:6->kth_search.cpp:35]   --->   Operation 25 'load' 'query_load_2' <Predicate = true> <Delay = 2.32> <Core = "RAM">   --->   Core 37 'RAM' <Latency = 1> <II = 1> <Delay = 2.32> <Storage> <Opcode : 'load' 'store'> <Ports = 2> <Width = 32> <Depth = 2> <RAM>
ST_2 : Operation 26 [2/2] (3.25ns)   --->   "%points_load_2 = load i32* %points_addr_2, align 4" [kth_search.cpp:6->kth_search.cpp:35]   --->   Operation 26 'load' 'points_load_2' <Predicate = true> <Delay = 3.25> <Core = "RAM">   --->   Core 37 'RAM' <Latency = 1> <II = 1> <Delay = 2.32> <Storage> <Opcode : 'load' 'store'> <Ports = 2> <Width = 32> <Depth = 2> <RAM>

State 3 <SV = 2> <Delay = 5.80>
ST_3 : Operation 27 [1/2] (2.32ns)   --->   "%query_load_1 = load i32* getelementptr inbounds ([3 x i32]* @query, i64 0, i64 1), align 4" [kth_search.cpp:6->kth_search.cpp:35]   --->   Operation 27 'load' 'query_load_1' <Predicate = true> <Delay = 2.32> <Core = "RAM">   --->   Core 37 'RAM' <Latency = 1> <II = 1> <Delay = 2.32> <Storage> <Opcode : 'load' 'store'> <Ports = 2> <Width = 32> <Depth = 2> <RAM>
ST_3 : Operation 28 [1/2] (3.25ns)   --->   "%points_load_1 = load i32* %points_addr_1, align 4" [kth_search.cpp:6->kth_search.cpp:35]   --->   Operation 28 'load' 'points_load_1' <Predicate = true> <Delay = 3.25> <Core = "RAM">   --->   Core 37 'RAM' <Latency = 1> <II = 1> <Delay = 2.32> <Storage> <Opcode : 'load' 'store'> <Ports = 2> <Width = 32> <Depth = 2> <RAM>
ST_3 : Operation 29 [1/1] (2.55ns)   --->   "%tmp_4_i = sub nsw i32 %query_load_1, %points_load_1" [kth_search.cpp:6->kth_search.cpp:35]   --->   Operation 29 'sub' 'tmp_4_i' <Predicate = true> <Delay = 2.55> <Core = "AddSub">   --->   Core 14 'AddSub' <Latency = 0> <II = 1> <Delay = 2.55> <FuncUnit> <Opcode : 'add' 'sub'> <InPorts = 2> <OutPorts = 1>
ST_3 : Operation 30 [1/2] (2.32ns)   --->   "%query_load_2 = load i32* getelementptr inbounds ([3 x i32]* @query, i64 0, i64 2), align 4" [kth_search.cpp:6->kth_search.cpp:35]   --->   Operation 30 'load' 'query_load_2' <Predicate = true> <Delay = 2.32> <Core = "RAM">   --->   Core 37 'RAM' <Latency = 1> <II = 1> <Delay = 2.32> <Storage> <Opcode : 'load' 'store'> <Ports = 2> <Width = 32> <Depth = 2> <RAM>
ST_3 : Operation 31 [1/2] (3.25ns)   --->   "%points_load_2 = load i32* %points_addr_2, align 4" [kth_search.cpp:6->kth_search.cpp:35]   --->   Operation 31 'load' 'points_load_2' <Predicate = true> <Delay = 3.25> <Core = "RAM">   --->   Core 37 'RAM' <Latency = 1> <II = 1> <Delay = 2.32> <Storage> <Opcode : 'load' 'store'> <Ports = 2> <Width = 32> <Depth = 2> <RAM>
ST_3 : Operation 32 [1/1] (2.55ns)   --->   "%tmp_6_i = sub nsw i32 %query_load_2, %points_load_2" [kth_search.cpp:6->kth_search.cpp:35]   --->   Operation 32 'sub' 'tmp_6_i' <Predicate = true> <Delay = 2.55> <Core = "AddSub">   --->   Core 14 'AddSub' <Latency = 0> <II = 1> <Delay = 2.55> <FuncUnit> <Opcode : 'add' 'sub'> <InPorts = 2> <OutPorts = 1>

State 4 <SV = 3> <Delay = 8.51>
ST_4 : Operation 33 [1/1] (8.51ns)   --->   "%tmp_3_i = mul nsw i32 %tmp_i, %tmp_i" [kth_search.cpp:6->kth_search.cpp:35]   --->   Operation 33 'mul' 'tmp_3_i' <Predicate = true> <Delay = 8.51> <Core = "Mul">   --->   Core 16 'Mul' <Latency = 0> <II = 1> <Delay = 8.51> <FuncUnit> <Opcode : 'mul'> <InPorts = 2> <OutPorts = 1>
ST_4 : Operation 34 [1/1] (8.51ns)   --->   "%tmp_5_i = mul nsw i32 %tmp_4_i, %tmp_4_i" [kth_search.cpp:6->kth_search.cpp:35]   --->   Operation 34 'mul' 'tmp_5_i' <Predicate = true> <Delay = 8.51> <Core = "Mul">   --->   Core 16 'Mul' <Latency = 0> <II = 1> <Delay = 8.51> <FuncUnit> <Opcode : 'mul'> <InPorts = 2> <OutPorts = 1>
ST_4 : Operation 35 [1/1] (8.51ns)   --->   "%tmp_7_i = mul nsw i32 %tmp_6_i, %tmp_6_i" [kth_search.cpp:6->kth_search.cpp:35]   --->   Operation 35 'mul' 'tmp_7_i' <Predicate = true> <Delay = 8.51> <Core = "Mul">   --->   Core 16 'Mul' <Latency = 0> <II = 1> <Delay = 8.51> <FuncUnit> <Opcode : 'mul'> <InPorts = 2> <OutPorts = 1>

State 5 <SV = 4> <Delay = 6.69>
ST_5 : Operation 36 [1/1] (0.00ns)   --->   "call void (...)* @_ssdm_op_SpecBitsMap([300 x i32]* %points) nounwind, !map !37"   --->   Operation 36 'specbitsmap' <Predicate = true> <Delay = 0.00>
ST_5 : Operation 37 [1/1] (0.00ns)   --->   "call void (...)* @_ssdm_op_SpecBitsMap([3 x i32]* %q) nounwind, !map !43"   --->   Operation 37 'specbitsmap' <Predicate = true> <Delay = 0.00>
ST_5 : Operation 38 [1/1] (0.00ns)   --->   "call void (...)* @_ssdm_op_SpecBitsMap([2 x i32]* %result) nounwind, !map !47"   --->   Operation 38 'specbitsmap' <Predicate = true> <Delay = 0.00>
ST_5 : Operation 39 [1/1] (0.00ns)   --->   "%result_addr = getelementptr [2 x i32]* %result, i64 0, i64 0"   --->   Operation 39 'getelementptr' 'result_addr' <Predicate = true> <Delay = 0.00>
ST_5 : Operation 40 [1/1] (0.00ns)   --->   "call void (...)* @_ssdm_op_SpecTopModule([8 x i8]* @execute_str) nounwind"   --->   Operation 40 'spectopmodule' <Predicate = true> <Delay = 0.00>
ST_5 : Operation 41 [1/1] (0.00ns) (grouped into TernaryAdder)   --->   "%tmp = add i32 %tmp_3_i, %tmp_7_i" [kth_search.cpp:6->kth_search.cpp:35]   --->   Operation 41 'add' 'tmp' <Predicate = true> <Delay = 0.00> <Core = "TAddSub">   --->   Core 80 'TAddSub' <Latency = 0> <II = 1> <Delay = 2.18> <IPBlock> <Opcode : 'add' 'sub'> <InPorts = 3> <OutPorts = 1> <Sync> <CReg>
ST_5 : Operation 42 [1/1] (4.37ns) (root node of TernaryAdder)   --->   "%tmp_9_i = add i32 %tmp, %tmp_5_i" [kth_search.cpp:6->kth_search.cpp:35]   --->   Operation 42 'add' 'tmp_9_i' <Predicate = true> <Delay = 4.37> <Core = "TAddSub">   --->   Core 80 'TAddSub' <Latency = 0> <II = 1> <Delay = 2.18> <IPBlock> <Opcode : 'add' 'sub'> <InPorts = 3> <OutPorts = 1> <Sync> <CReg>
ST_5 : Operation 43 [1/1] (2.32ns)   --->   "store i32 %tmp_9_i, i32* %result_addr, align 4" [kth_search.cpp:35]   --->   Operation 43 'store' <Predicate = true> <Delay = 2.32> <Core = "RAM">   --->   Core 37 'RAM' <Latency = 1> <II = 1> <Delay = 2.32> <Storage> <Opcode : 'load' 'store'> <Ports = 2> <Width = 32> <Depth = 2> <RAM>
ST_5 : Operation 44 [1/1] (0.00ns)   --->   "%result_addr_1 = getelementptr [2 x i32]* %result, i64 0, i64 1" [kth_search.cpp:36]   --->   Operation 44 'getelementptr' 'result_addr_1' <Predicate = true> <Delay = 0.00>
ST_5 : Operation 45 [1/1] (2.32ns)   --->   "store i32 0, i32* %result_addr_1, align 4" [kth_search.cpp:36]   --->   Operation 45 'store' <Predicate = true> <Delay = 2.32> <Core = "RAM">   --->   Core 37 'RAM' <Latency = 1> <II = 1> <Delay = 2.32> <Storage> <Opcode : 'load' 'store'> <Ports = 2> <Width = 32> <Depth = 2> <RAM>
ST_5 : Operation 46 [1/1] (1.76ns)   --->   "br label %1" [kth_search.cpp:11->kth_search.cpp:38]   --->   Operation 46 'br' <Predicate = true> <Delay = 1.76>

State 6 <SV = 5> <Delay = 2.32>
ST_6 : Operation 47 [1/1] (0.00ns)   --->   "%i_i = phi i2 [ 0, %0 ], [ %i, %2 ]"   --->   Operation 47 'phi' 'i_i' <Predicate = true> <Delay = 0.00>
ST_6 : Operation 48 [1/1] (0.95ns)   --->   "%exitcond_i = icmp eq i2 %i_i, -1" [kth_search.cpp:11->kth_search.cpp:38]   --->   Operation 48 'icmp' 'exitcond_i' <Predicate = true> <Delay = 0.95> <Core = "Cmp">   --->   Core 25 'Cmp' <Latency = 0> <II = 1> <Delay = 2.47> <FuncUnit> <Opcode : 'icmp'> <InPorts = 2> <OutPorts = 1>
ST_6 : Operation 49 [1/1] (0.00ns)   --->   "%empty = call i32 (...)* @_ssdm_op_SpecLoopTripCount(i64 3, i64 3, i64 3) nounwind"   --->   Operation 49 'speclooptripcount' 'empty' <Predicate = true> <Delay = 0.00>
ST_6 : Operation 50 [1/1] (1.56ns)   --->   "%i = add i2 %i_i, 1" [kth_search.cpp:11->kth_search.cpp:38]   --->   Operation 50 'add' 'i' <Predicate = true> <Delay = 1.56> <Core = "AddSub">   --->   Core 14 'AddSub' <Latency = 0> <II = 1> <Delay = 2.55> <FuncUnit> <Opcode : 'add' 'sub'> <InPorts = 2> <OutPorts = 1>
ST_6 : Operation 51 [1/1] (0.00ns)   --->   "br i1 %exitcond_i, label %copy3.exit.preheader, label %2" [kth_search.cpp:11->kth_search.cpp:38]   --->   Operation 51 'br' <Predicate = true> <Delay = 0.00>
ST_6 : Operation 52 [1/1] (0.00ns)   --->   "%tmp_i7 = zext i2 %i_i to i64" [kth_search.cpp:12->kth_search.cpp:38]   --->   Operation 52 'zext' 'tmp_i7' <Predicate = (!exitcond_i)> <Delay = 0.00>
ST_6 : Operation 53 [1/1] (0.00ns)   --->   "%q_addr = getelementptr [3 x i32]* %q, i64 0, i64 %tmp_i7" [kth_search.cpp:12->kth_search.cpp:38]   --->   Operation 53 'getelementptr' 'q_addr' <Predicate = (!exitcond_i)> <Delay = 0.00>
ST_6 : Operation 54 [2/2] (2.32ns)   --->   "%q_load = load i32* %q_addr, align 4" [kth_search.cpp:12->kth_search.cpp:38]   --->   Operation 54 'load' 'q_load' <Predicate = (!exitcond_i)> <Delay = 2.32> <Core = "RAM">   --->   Core 37 'RAM' <Latency = 1> <II = 1> <Delay = 2.32> <Storage> <Opcode : 'load' 'store'> <Ports = 2> <Width = 32> <Depth = 2> <RAM>

State 7 <SV = 6> <Delay = 4.64>
ST_7 : Operation 55 [1/1] (0.00ns)   --->   "call void (...)* @_ssdm_op_SpecLoopName([13 x i8]* @p_str) nounwind" [kth_search.cpp:11->kth_search.cpp:38]   --->   Operation 55 'specloopname' <Predicate = (!exitcond_i)> <Delay = 0.00>
ST_7 : Operation 56 [1/1] (0.00ns)   --->   "%tmp_3_i6 = call i32 (...)* @_ssdm_op_SpecRegionBegin([13 x i8]* @p_str) nounwind" [kth_search.cpp:11->kth_search.cpp:38]   --->   Operation 56 'specregionbegin' 'tmp_3_i6' <Predicate = (!exitcond_i)> <Delay = 0.00>
ST_7 : Operation 57 [1/1] (0.00ns)   --->   "call void (...)* @_ssdm_op_SpecPipeline(i32 -1, i32 1, i32 1, i32 0, [1 x i8]* @p_str1) nounwind" [kth_search.cpp:12->kth_search.cpp:38]   --->   Operation 57 'specpipeline' <Predicate = (!exitcond_i)> <Delay = 0.00>
ST_7 : Operation 58 [1/2] (2.32ns)   --->   "%q_load = load i32* %q_addr, align 4" [kth_search.cpp:12->kth_search.cpp:38]   --->   Operation 58 'load' 'q_load' <Predicate = (!exitcond_i)> <Delay = 2.32> <Core = "RAM">   --->   Core 37 'RAM' <Latency = 1> <II = 1> <Delay = 2.32> <Storage> <Opcode : 'load' 'store'> <Ports = 2> <Width = 32> <Depth = 2> <RAM>
ST_7 : Operation 59 [1/1] (0.00ns)   --->   "%query_addr = getelementptr [3 x i32]* @query, i64 0, i64 %tmp_i7" [kth_search.cpp:12->kth_search.cpp:38]   --->   Operation 59 'getelementptr' 'query_addr' <Predicate = (!exitcond_i)> <Delay = 0.00>
ST_7 : Operation 60 [1/1] (2.32ns)   --->   "store i32 %q_load, i32* %query_addr, align 4" [kth_search.cpp:12->kth_search.cpp:38]   --->   Operation 60 'store' <Predicate = (!exitcond_i)> <Delay = 2.32> <Core = "RAM">   --->   Core 37 'RAM' <Latency = 1> <II = 1> <Delay = 2.32> <Storage> <Opcode : 'load' 'store'> <Ports = 2> <Width = 32> <Depth = 2> <RAM>
ST_7 : Operation 61 [1/1] (0.00ns)   --->   "%empty_2 = call i32 (...)* @_ssdm_op_SpecRegionEnd([13 x i8]* @p_str, i32 %tmp_3_i6) nounwind" [kth_search.cpp:13->kth_search.cpp:38]   --->   Operation 61 'specregionend' 'empty_2' <Predicate = (!exitcond_i)> <Delay = 0.00>
ST_7 : Operation 62 [1/1] (0.00ns)   --->   "br label %1" [kth_search.cpp:11->kth_search.cpp:38]   --->   Operation 62 'br' <Predicate = (!exitcond_i)> <Delay = 0.00>

State 8 <SV = 6> <Delay = 1.76>
ST_8 : Operation 63 [1/1] (1.76ns)   --->   "br label %copy3.exit" [kth_search.cpp:40]   --->   Operation 63 'br' <Predicate = true> <Delay = 1.76>

State 9 <SV = 7> <Delay = 6.80>
ST_9 : Operation 64 [1/1] (0.00ns)   --->   "%index_assign = phi i7 [ %i_1, %verify.exit ], [ 1, %copy3.exit.preheader ]"   --->   Operation 64 'phi' 'index_assign' <Predicate = true> <Delay = 0.00>
ST_9 : Operation 65 [1/1] (1.48ns)   --->   "%exitcond = icmp eq i7 %index_assign, -28" [kth_search.cpp:40]   --->   Operation 65 'icmp' 'exitcond' <Predicate = true> <Delay = 1.48> <Core = "Cmp">   --->   Core 25 'Cmp' <Latency = 0> <II = 1> <Delay = 2.47> <FuncUnit> <Opcode : 'icmp'> <InPorts = 2> <OutPorts = 1>
ST_9 : Operation 66 [1/1] (0.00ns)   --->   "%empty_3 = call i32 (...)* @_ssdm_op_SpecLoopTripCount(i64 99, i64 99, i64 99) nounwind"   --->   Operation 66 'speclooptripcount' 'empty_3' <Predicate = true> <Delay = 0.00>
ST_9 : Operation 67 [1/1] (0.00ns)   --->   "br i1 %exitcond, label %5, label %3" [kth_search.cpp:40]   --->   Operation 67 'br' <Predicate = true> <Delay = 0.00>
ST_9 : Operation 68 [1/1] (0.00ns)   --->   "%tmp_1_cast = zext i7 %index_assign to i10" [kth_search.cpp:40]   --->   Operation 68 'zext' 'tmp_1_cast' <Predicate = (!exitcond)> <Delay = 0.00>
ST_9 : Operation 69 [1/1] (0.00ns)   --->   "%tmp_3 = call i9 @_ssdm_op_BitConcatenate.i9.i7.i2(i7 %index_assign, i2 0)" [kth_search.cpp:40]   --->   Operation 69 'bitconcatenate' 'tmp_3' <Predicate = (!exitcond)> <Delay = 0.00>
ST_9 : Operation 70 [1/1] (0.00ns)   --->   "%p_shl_cast = zext i9 %tmp_3 to i10" [kth_search.cpp:40]   --->   Operation 70 'zext' 'p_shl_cast' <Predicate = (!exitcond)> <Delay = 0.00>
ST_9 : Operation 71 [1/1] (1.82ns)   --->   "%tmp_4 = sub i10 %p_shl_cast, %tmp_1_cast" [kth_search.cpp:40]   --->   Operation 71 'sub' 'tmp_4' <Predicate = (!exitcond)> <Delay = 1.82> <Core = "AddSub">   --->   Core 14 'AddSub' <Latency = 0> <II = 1> <Delay = 2.55> <FuncUnit> <Opcode : 'add' 'sub'> <InPorts = 2> <OutPorts = 1>
ST_9 : Operation 72 [1/1] (0.00ns)   --->   "%tmp_4_cast = sext i10 %tmp_4 to i64" [kth_search.cpp:40]   --->   Operation 72 'sext' 'tmp_4_cast' <Predicate = (!exitcond)> <Delay = 0.00>
ST_9 : Operation 73 [1/1] (0.00ns)   --->   "%points_addr_3 = getelementptr [300 x i32]* %points, i64 0, i64 %tmp_4_cast" [kth_search.cpp:40]   --->   Operation 73 'getelementptr' 'points_addr_3' <Predicate = (!exitcond)> <Delay = 0.00>
ST_9 : Operation 74 [1/1] (1.73ns)   --->   "%tmp_5 = add i10 %tmp_4, 1" [kth_search.cpp:6->kth_search.cpp:18->kth_search.cpp:43]   --->   Operation 74 'add' 'tmp_5' <Predicate = (!exitcond)> <Delay = 1.73> <Core = "AddSub">   --->   Core 14 'AddSub' <Latency = 0> <II = 1> <Delay = 2.55> <FuncUnit> <Opcode : 'add' 'sub'> <InPorts = 2> <OutPorts = 1>
ST_9 : Operation 75 [1/1] (0.00ns)   --->   "%tmp_5_cast = sext i10 %tmp_5 to i64" [kth_search.cpp:6->kth_search.cpp:18->kth_search.cpp:43]   --->   Operation 75 'sext' 'tmp_5_cast' <Predicate = (!exitcond)> <Delay = 0.00>
ST_9 : Operation 76 [1/1] (0.00ns)   --->   "%points_addr_4 = getelementptr [300 x i32]* %points, i64 0, i64 %tmp_5_cast" [kth_search.cpp:6->kth_search.cpp:18->kth_search.cpp:43]   --->   Operation 76 'getelementptr' 'points_addr_4' <Predicate = (!exitcond)> <Delay = 0.00>
ST_9 : Operation 77 [2/2] (2.32ns)   --->   "%query_load_3 = load i32* getelementptr inbounds ([3 x i32]* @query, i64 0, i64 0), align 4" [kth_search.cpp:6->kth_search.cpp:18->kth_search.cpp:43]   --->   Operation 77 'load' 'query_load_3' <Predicate = (!exitcond)> <Delay = 2.32> <Core = "RAM">   --->   Core 37 'RAM' <Latency = 1> <II = 1> <Delay = 2.32> <Storage> <Opcode : 'load' 'store'> <Ports = 2> <Width = 32> <Depth = 2> <RAM>
ST_9 : Operation 78 [2/2] (3.25ns)   --->   "%points_load_3 = load i32* %points_addr_3, align 4" [kth_search.cpp:6->kth_search.cpp:18->kth_search.cpp:43]   --->   Operation 78 'load' 'points_load_3' <Predicate = (!exitcond)> <Delay = 3.25> <Core = "RAM">   --->   Core 37 'RAM' <Latency = 1> <II = 1> <Delay = 2.32> <Storage> <Opcode : 'load' 'store'> <Ports = 2> <Width = 32> <Depth = 2> <RAM>
ST_9 : Operation 79 [2/2] (2.32ns)   --->   "%query_load_4 = load i32* getelementptr inbounds ([3 x i32]* @query, i64 0, i64 1), align 4" [kth_search.cpp:6->kth_search.cpp:18->kth_search.cpp:43]   --->   Operation 79 'load' 'query_load_4' <Predicate = (!exitcond)> <Delay = 2.32> <Core = "RAM">   --->   Core 37 'RAM' <Latency = 1> <II = 1> <Delay = 2.32> <Storage> <Opcode : 'load' 'store'> <Ports = 2> <Width = 32> <Depth = 2> <RAM>
ST_9 : Operation 80 [2/2] (3.25ns)   --->   "%points_load_4 = load i32* %points_addr_4, align 4" [kth_search.cpp:6->kth_search.cpp:18->kth_search.cpp:43]   --->   Operation 80 'load' 'points_load_4' <Predicate = (!exitcond)> <Delay = 3.25> <Core = "RAM">   --->   Core 37 'RAM' <Latency = 1> <II = 1> <Delay = 2.32> <Storage> <Opcode : 'load' 'store'> <Ports = 2> <Width = 32> <Depth = 2> <RAM>

State 10 <SV = 8> <Delay = 5.80>
ST_10 : Operation 81 [1/1] (1.73ns)   --->   "%tmp_6 = add i10 %tmp_4, 2" [kth_search.cpp:6->kth_search.cpp:18->kth_search.cpp:43]   --->   Operation 81 'add' 'tmp_6' <Predicate = (!exitcond)> <Delay = 1.73> <Core = "AddSub">   --->   Core 14 'AddSub' <Latency = 0> <II = 1> <Delay = 2.55> <FuncUnit> <Opcode : 'add' 'sub'> <InPorts = 2> <OutPorts = 1>
ST_10 : Operation 82 [1/1] (0.00ns)   --->   "%tmp_6_cast = sext i10 %tmp_6 to i64" [kth_search.cpp:6->kth_search.cpp:18->kth_search.cpp:43]   --->   Operation 82 'sext' 'tmp_6_cast' <Predicate = (!exitcond)> <Delay = 0.00>
ST_10 : Operation 83 [1/1] (0.00ns)   --->   "%points_addr_5 = getelementptr [300 x i32]* %points, i64 0, i64 %tmp_6_cast" [kth_search.cpp:6->kth_search.cpp:18->kth_search.cpp:43]   --->   Operation 83 'getelementptr' 'points_addr_5' <Predicate = (!exitcond)> <Delay = 0.00>
ST_10 : Operation 84 [1/2] (2.32ns)   --->   "%query_load_3 = load i32* getelementptr inbounds ([3 x i32]* @query, i64 0, i64 0), align 4" [kth_search.cpp:6->kth_search.cpp:18->kth_search.cpp:43]   --->   Operation 84 'load' 'query_load_3' <Predicate = (!exitcond)> <Delay = 2.32> <Core = "RAM">   --->   Core 37 'RAM' <Latency = 1> <II = 1> <Delay = 2.32> <Storage> <Opcode : 'load' 'store'> <Ports = 2> <Width = 32> <Depth = 2> <RAM>
ST_10 : Operation 85 [1/2] (3.25ns)   --->   "%points_load_3 = load i32* %points_addr_3, align 4" [kth_search.cpp:6->kth_search.cpp:18->kth_search.cpp:43]   --->   Operation 85 'load' 'points_load_3' <Predicate = (!exitcond)> <Delay = 3.25> <Core = "RAM">   --->   Core 37 'RAM' <Latency = 1> <II = 1> <Delay = 2.32> <Storage> <Opcode : 'load' 'store'> <Ports = 2> <Width = 32> <Depth = 2> <RAM>
ST_10 : Operation 86 [1/1] (2.55ns)   --->   "%tmp_i_i = sub nsw i32 %query_load_3, %points_load_3" [kth_search.cpp:6->kth_search.cpp:18->kth_search.cpp:43]   --->   Operation 86 'sub' 'tmp_i_i' <Predicate = (!exitcond)> <Delay = 2.55> <Core = "AddSub">   --->   Core 14 'AddSub' <Latency = 0> <II = 1> <Delay = 2.55> <FuncUnit> <Opcode : 'add' 'sub'> <InPorts = 2> <OutPorts = 1>
ST_10 : Operation 87 [1/2] (2.32ns)   --->   "%query_load_4 = load i32* getelementptr inbounds ([3 x i32]* @query, i64 0, i64 1), align 4" [kth_search.cpp:6->kth_search.cpp:18->kth_search.cpp:43]   --->   Operation 87 'load' 'query_load_4' <Predicate = (!exitcond)> <Delay = 2.32> <Core = "RAM">   --->   Core 37 'RAM' <Latency = 1> <II = 1> <Delay = 2.32> <Storage> <Opcode : 'load' 'store'> <Ports = 2> <Width = 32> <Depth = 2> <RAM>
ST_10 : Operation 88 [1/2] (3.25ns)   --->   "%points_load_4 = load i32* %points_addr_4, align 4" [kth_search.cpp:6->kth_search.cpp:18->kth_search.cpp:43]   --->   Operation 88 'load' 'points_load_4' <Predicate = (!exitcond)> <Delay = 3.25> <Core = "RAM">   --->   Core 37 'RAM' <Latency = 1> <II = 1> <Delay = 2.32> <Storage> <Opcode : 'load' 'store'> <Ports = 2> <Width = 32> <Depth = 2> <RAM>
ST_10 : Operation 89 [1/1] (2.55ns)   --->   "%tmp_4_i_i = sub nsw i32 %query_load_4, %points_load_4" [kth_search.cpp:6->kth_search.cpp:18->kth_search.cpp:43]   --->   Operation 89 'sub' 'tmp_4_i_i' <Predicate = (!exitcond)> <Delay = 2.55> <Core = "AddSub">   --->   Core 14 'AddSub' <Latency = 0> <II = 1> <Delay = 2.55> <FuncUnit> <Opcode : 'add' 'sub'> <InPorts = 2> <OutPorts = 1>
ST_10 : Operation 90 [2/2] (2.32ns)   --->   "%query_load_5 = load i32* getelementptr inbounds ([3 x i32]* @query, i64 0, i64 2), align 4" [kth_search.cpp:6->kth_search.cpp:18->kth_search.cpp:43]   --->   Operation 90 'load' 'query_load_5' <Predicate = (!exitcond)> <Delay = 2.32> <Core = "RAM">   --->   Core 37 'RAM' <Latency = 1> <II = 1> <Delay = 2.32> <Storage> <Opcode : 'load' 'store'> <Ports = 2> <Width = 32> <Depth = 2> <RAM>
ST_10 : Operation 91 [2/2] (3.25ns)   --->   "%points_load_5 = load i32* %points_addr_5, align 4" [kth_search.cpp:6->kth_search.cpp:18->kth_search.cpp:43]   --->   Operation 91 'load' 'points_load_5' <Predicate = (!exitcond)> <Delay = 3.25> <Core = "RAM">   --->   Core 37 'RAM' <Latency = 1> <II = 1> <Delay = 2.32> <Storage> <Opcode : 'load' 'store'> <Ports = 2> <Width = 32> <Depth = 2> <RAM>
ST_10 : Operation 92 [1/1] (1.87ns)   --->   "%i_1 = add i7 %index_assign, 1" [kth_search.cpp:40]   --->   Operation 92 'add' 'i_1' <Predicate = (!exitcond)> <Delay = 1.87> <Core = "AddSub">   --->   Core 14 'AddSub' <Latency = 0> <II = 1> <Delay = 2.55> <FuncUnit> <Opcode : 'add' 'sub'> <InPorts = 2> <OutPorts = 1>

State 11 <SV = 9> <Delay = 8.51>
ST_11 : Operation 93 [1/1] (8.51ns)   --->   "%tmp_3_i_i = mul nsw i32 %tmp_i_i, %tmp_i_i" [kth_search.cpp:6->kth_search.cpp:18->kth_search.cpp:43]   --->   Operation 93 'mul' 'tmp_3_i_i' <Predicate = true> <Delay = 8.51> <Core = "Mul">   --->   Core 16 'Mul' <Latency = 0> <II = 1> <Delay = 8.51> <FuncUnit> <Opcode : 'mul'> <InPorts = 2> <OutPorts = 1>
ST_11 : Operation 94 [1/1] (8.51ns)   --->   "%tmp_5_i_i = mul nsw i32 %tmp_4_i_i, %tmp_4_i_i" [kth_search.cpp:6->kth_search.cpp:18->kth_search.cpp:43]   --->   Operation 94 'mul' 'tmp_5_i_i' <Predicate = true> <Delay = 8.51> <Core = "Mul">   --->   Core 16 'Mul' <Latency = 0> <II = 1> <Delay = 8.51> <FuncUnit> <Opcode : 'mul'> <InPorts = 2> <OutPorts = 1>
ST_11 : Operation 95 [1/2] (2.32ns)   --->   "%query_load_5 = load i32* getelementptr inbounds ([3 x i32]* @query, i64 0, i64 2), align 4" [kth_search.cpp:6->kth_search.cpp:18->kth_search.cpp:43]   --->   Operation 95 'load' 'query_load_5' <Predicate = true> <Delay = 2.32> <Core = "RAM">   --->   Core 37 'RAM' <Latency = 1> <II = 1> <Delay = 2.32> <Storage> <Opcode : 'load' 'store'> <Ports = 2> <Width = 32> <Depth = 2> <RAM>
ST_11 : Operation 96 [1/2] (3.25ns)   --->   "%points_load_5 = load i32* %points_addr_5, align 4" [kth_search.cpp:6->kth_search.cpp:18->kth_search.cpp:43]   --->   Operation 96 'load' 'points_load_5' <Predicate = true> <Delay = 3.25> <Core = "RAM">   --->   Core 37 'RAM' <Latency = 1> <II = 1> <Delay = 2.32> <Storage> <Opcode : 'load' 'store'> <Ports = 2> <Width = 32> <Depth = 2> <RAM>
ST_11 : Operation 97 [1/1] (2.55ns)   --->   "%tmp_6_i_i = sub nsw i32 %query_load_5, %points_load_5" [kth_search.cpp:6->kth_search.cpp:18->kth_search.cpp:43]   --->   Operation 97 'sub' 'tmp_6_i_i' <Predicate = true> <Delay = 2.55> <Core = "AddSub">   --->   Core 14 'AddSub' <Latency = 0> <II = 1> <Delay = 2.55> <FuncUnit> <Opcode : 'add' 'sub'> <InPorts = 2> <OutPorts = 1>

State 12 <SV = 10> <Delay = 8.51>
ST_12 : Operation 98 [1/1] (8.51ns)   --->   "%tmp_7_i_i = mul nsw i32 %tmp_6_i_i, %tmp_6_i_i" [kth_search.cpp:6->kth_search.cpp:18->kth_search.cpp:43]   --->   Operation 98 'mul' 'tmp_7_i_i' <Predicate = true> <Delay = 8.51> <Core = "Mul">   --->   Core 16 'Mul' <Latency = 0> <II = 1> <Delay = 8.51> <FuncUnit> <Opcode : 'mul'> <InPorts = 2> <OutPorts = 1>
ST_12 : Operation 99 [2/2] (2.32ns)   --->   "%result_load = load i32* %result_addr, align 4" [kth_search.cpp:20->kth_search.cpp:43]   --->   Operation 99 'load' 'result_load' <Predicate = true> <Delay = 2.32> <Core = "RAM">   --->   Core 37 'RAM' <Latency = 1> <II = 1> <Delay = 2.32> <Storage> <Opcode : 'load' 'store'> <Ports = 2> <Width = 32> <Depth = 2> <RAM>

State 13 <SV = 11> <Delay = 6.84>
ST_13 : Operation 100 [1/1] (0.00ns)   --->   "%index_assign_cast2 = zext i7 %index_assign to i32" [kth_search.cpp:40]   --->   Operation 100 'zext' 'index_assign_cast2' <Predicate = true> <Delay = 0.00>
ST_13 : Operation 101 [1/1] (0.00ns)   --->   "call void (...)* @_ssdm_op_SpecLoopName([15 x i8]* @p_str2) nounwind" [kth_search.cpp:40]   --->   Operation 101 'specloopname' <Predicate = true> <Delay = 0.00>
ST_13 : Operation 102 [1/1] (0.00ns)   --->   "%tmp_2 = call i32 (...)* @_ssdm_op_SpecRegionBegin([15 x i8]* @p_str2) nounwind" [kth_search.cpp:40]   --->   Operation 102 'specregionbegin' 'tmp_2' <Predicate = true> <Delay = 0.00>
ST_13 : Operation 103 [1/1] (0.00ns)   --->   "call void (...)* @_ssdm_op_SpecPipeline(i32 -1, i32 1, i32 1, i32 0, [1 x i8]* @p_str1) nounwind" [kth_search.cpp:41]   --->   Operation 103 'specpipeline' <Predicate = true> <Delay = 0.00>
ST_13 : Operation 104 [1/1] (0.00ns) (grouped into TernaryAdder)   --->   "%tmp1 = add i32 %tmp_7_i_i, %tmp_3_i_i" [kth_search.cpp:6->kth_search.cpp:18->kth_search.cpp:43]   --->   Operation 104 'add' 'tmp1' <Predicate = true> <Delay = 0.00> <Core = "TAddSub">   --->   Core 80 'TAddSub' <Latency = 0> <II = 1> <Delay = 2.18> <IPBlock> <Opcode : 'add' 'sub'> <InPorts = 3> <OutPorts = 1> <Sync> <CReg>
ST_13 : Operation 105 [1/1] (4.37ns) (root node of TernaryAdder)   --->   "%distance = add i32 %tmp_5_i_i, %tmp1" [kth_search.cpp:6->kth_search.cpp:18->kth_search.cpp:43]   --->   Operation 105 'add' 'distance' <Predicate = true> <Delay = 4.37> <Core = "TAddSub">   --->   Core 80 'TAddSub' <Latency = 0> <II = 1> <Delay = 2.18> <IPBlock> <Opcode : 'add' 'sub'> <InPorts = 3> <OutPorts = 1> <Sync> <CReg>
ST_13 : Operation 106 [1/2] (2.32ns)   --->   "%result_load = load i32* %result_addr, align 4" [kth_search.cpp:20->kth_search.cpp:43]   --->   Operation 106 'load' 'result_load' <Predicate = true> <Delay = 2.32> <Core = "RAM">   --->   Core 37 'RAM' <Latency = 1> <II = 1> <Delay = 2.32> <Storage> <Opcode : 'load' 'store'> <Ports = 2> <Width = 32> <Depth = 2> <RAM>
ST_13 : Operation 107 [1/1] (2.47ns)   --->   "%tmp_i9 = icmp slt i32 %distance, %result_load" [kth_search.cpp:20->kth_search.cpp:43]   --->   Operation 107 'icmp' 'tmp_i9' <Predicate = true> <Delay = 2.47> <Core = "Cmp">   --->   Core 25 'Cmp' <Latency = 0> <II = 1> <Delay = 2.47> <FuncUnit> <Opcode : 'icmp'> <InPorts = 2> <OutPorts = 1>
ST_13 : Operation 108 [1/1] (0.00ns)   --->   "br i1 %tmp_i9, label %4, label %verify.exit" [kth_search.cpp:20->kth_search.cpp:43]   --->   Operation 108 'br' <Predicate = true> <Delay = 0.00>
ST_13 : Operation 109 [1/1] (2.32ns)   --->   "store i32 %distance, i32* %result_addr, align 4" [kth_search.cpp:22->kth_search.cpp:43]   --->   Operation 109 'store' <Predicate = (tmp_i9)> <Delay = 2.32> <Core = "RAM">   --->   Core 37 'RAM' <Latency = 1> <II = 1> <Delay = 2.32> <Storage> <Opcode : 'load' 'store'> <Ports = 2> <Width = 32> <Depth = 2> <RAM>
ST_13 : Operation 110 [1/1] (2.32ns)   --->   "store i32 %index_assign_cast2, i32* %result_addr_1, align 4" [kth_search.cpp:23->kth_search.cpp:43]   --->   Operation 110 'store' <Predicate = (tmp_i9)> <Delay = 2.32> <Core = "RAM">   --->   Core 37 'RAM' <Latency = 1> <II = 1> <Delay = 2.32> <Storage> <Opcode : 'load' 'store'> <Ports = 2> <Width = 32> <Depth = 2> <RAM>
ST_13 : Operation 111 [1/1] (0.00ns)   --->   "br label %verify.exit" [kth_search.cpp:24->kth_search.cpp:43]   --->   Operation 111 'br' <Predicate = (tmp_i9)> <Delay = 0.00>
ST_13 : Operation 112 [1/1] (0.00ns)   --->   "%empty_4 = call i32 (...)* @_ssdm_op_SpecRegionEnd([15 x i8]* @p_str2, i32 %tmp_2) nounwind" [kth_search.cpp:45]   --->   Operation 112 'specregionend' 'empty_4' <Predicate = (!exitcond)> <Delay = 0.00>
ST_13 : Operation 113 [1/1] (0.00ns)   --->   "br label %copy3.exit" [kth_search.cpp:40]   --->   Operation 113 'br' <Predicate = (!exitcond)> <Delay = 0.00>

State 14 <SV = 8> <Delay = 0.00>
ST_14 : Operation 114 [1/1] (0.00ns)   --->   "ret void" [kth_search.cpp:51]   --->   Operation 114 'ret' <Predicate = true> <Delay = 0.00>


============================================================
+ Verbose Summary: Timing violations
============================================================
Target clock period: 10ns, clock uncertainty: 1.25ns.

 <State 1>: 3.25ns
The critical path consists of the following:
	'getelementptr' operation ('points_addr') [5]  (0 ns)
	'load' operation ('points_load', kth_search.cpp:6->kth_search.cpp:35) on array 'points' [14]  (3.25 ns)

 <State 2>: 5.81ns
The critical path consists of the following:
	'load' operation ('points_load', kth_search.cpp:6->kth_search.cpp:35) on array 'points' [14]  (3.25 ns)
	'sub' operation ('tmp_i', kth_search.cpp:6->kth_search.cpp:35) [15]  (2.55 ns)

 <State 3>: 5.81ns
The critical path consists of the following:
	'load' operation ('points_load_1', kth_search.cpp:6->kth_search.cpp:35) on array 'points' [18]  (3.25 ns)
	'sub' operation ('tmp_4_i', kth_search.cpp:6->kth_search.cpp:35) [19]  (2.55 ns)

 <State 4>: 8.51ns
The critical path consists of the following:
	'mul' operation ('tmp_3_i', kth_search.cpp:6->kth_search.cpp:35) [16]  (8.51 ns)

 <State 5>: 6.69ns
The critical path consists of the following:
	'add' operation ('tmp', kth_search.cpp:6->kth_search.cpp:35) [25]  (0 ns)
	'add' operation ('tmp_9_i', kth_search.cpp:6->kth_search.cpp:35) [26]  (4.37 ns)
	'store' operation (kth_search.cpp:35) of variable 'tmp_9_i', kth_search.cpp:6->kth_search.cpp:35 on array 'result' [27]  (2.32 ns)

 <State 6>: 2.32ns
The critical path consists of the following:
	'phi' operation ('i') with incoming values : ('i', kth_search.cpp:11->kth_search.cpp:38) [32]  (0 ns)
	'getelementptr' operation ('q_addr', kth_search.cpp:12->kth_search.cpp:38) [42]  (0 ns)
	'load' operation ('q_load', kth_search.cpp:12->kth_search.cpp:38) on array 'q' [43]  (2.32 ns)

 <State 7>: 4.64ns
The critical path consists of the following:
	'load' operation ('q_load', kth_search.cpp:12->kth_search.cpp:38) on array 'q' [43]  (2.32 ns)
	'store' operation (kth_search.cpp:12->kth_search.cpp:38) of variable 'q_load', kth_search.cpp:12->kth_search.cpp:38 on array 'query' [45]  (2.32 ns)

 <State 8>: 1.77ns
The critical path consists of the following:
	multiplexor before 'phi' operation ('i') with incoming values : ('i', kth_search.cpp:40) [51]  (1.77 ns)

 <State 9>: 6.81ns
The critical path consists of the following:
	'phi' operation ('i') with incoming values : ('i', kth_search.cpp:40) [51]  (0 ns)
	'sub' operation ('tmp_4', kth_search.cpp:40) [63]  (1.82 ns)
	'add' operation ('tmp_5', kth_search.cpp:6->kth_search.cpp:18->kth_search.cpp:43) [66]  (1.73 ns)
	'getelementptr' operation ('points_addr_4', kth_search.cpp:6->kth_search.cpp:18->kth_search.cpp:43) [68]  (0 ns)
	'load' operation ('points_load_4', kth_search.cpp:6->kth_search.cpp:18->kth_search.cpp:43) on array 'points' [77]  (3.25 ns)

 <State 10>: 5.81ns
The critical path consists of the following:
	'load' operation ('points_load_3', kth_search.cpp:6->kth_search.cpp:18->kth_search.cpp:43) on array 'points' [73]  (3.25 ns)
	'sub' operation ('tmp_i_i', kth_search.cpp:6->kth_search.cpp:18->kth_search.cpp:43) [74]  (2.55 ns)

 <State 11>: 8.51ns
The critical path consists of the following:
	'mul' operation ('tmp_3_i_i', kth_search.cpp:6->kth_search.cpp:18->kth_search.cpp:43) [75]  (8.51 ns)

 <State 12>: 8.51ns
The critical path consists of the following:
	'mul' operation ('tmp_7_i_i', kth_search.cpp:6->kth_search.cpp:18->kth_search.cpp:43) [83]  (8.51 ns)

 <State 13>: 6.84ns
The critical path consists of the following:
	'add' operation ('tmp1', kth_search.cpp:6->kth_search.cpp:18->kth_search.cpp:43) [84]  (0 ns)
	'add' operation ('distance', kth_search.cpp:6->kth_search.cpp:18->kth_search.cpp:43) [85]  (4.37 ns)
	'icmp' operation ('tmp_i9', kth_search.cpp:20->kth_search.cpp:43) [87]  (2.47 ns)

 <State 14>: 0ns
The critical path consists of the following:


============================================================
+ Verbose Summary: Binding
============================================================
N/A
* FSMD analyzer results:
  - Output states:
 - Input state : 
  - Chain level:
	State 1
	State 2
	State 3
	State 4
	State 5
	State 6
	State 7
	State 8
	State 9
	State 10
	State 11
	State 12
	State 13
	State 14


============================================================
+ Verbose Summary: Datapath Resource usage 
============================================================
N/A
