

================================================================
== Vivado HLS Report for 'execute'
================================================================
* Date:           Tue Feb 12 15:58:47 2019

* Version:        2018.2.2 (Build 2345119 on Mon Oct 01 18:48:11 MDT 2018)
* Project:        nearest_neighbor
* Solution:       solution1
* Product family: zynq
* Target device:  xc7z020clg484-1


================================================================
== Performance Estimates
================================================================
+ Timing (ns): 
    * Summary: 
    +--------+-------+----------+------------+
    |  Clock | Target| Estimated| Uncertainty|
    +--------+-------+----------+------------+
    |ap_clk  |  10.00|     8.510|        1.25|
    +--------+-------+----------+------------+

+ Latency (clock cycles): 
    * Summary: 
    +-----+-----+-----+-----+---------+
    |  Latency  |  Interval | Pipeline|
    | min | max | min | max |   Type  |
    +-----+-----+-----+-----+---------+
    |  211|  211|  211|  211|   none  |
    +-----+-----+-----+-----+---------+

    + Detail: 
        * Instance: 
        N/A

        * Loop: 
        +------------------+-----+-----+----------+-----------+-----------+------+----------+
        |                  |  Latency  | Iteration|  Initiation Interval  | Trip |          |
        |     Loop Name    | min | max |  Latency |  achieved |   target  | Count| Pipelined|
        +------------------+-----+-----+----------+-----------+-----------+------+----------+
        |- copy3_label5    |    3|    3|         2|          1|          1|     3|    yes   |
        |- execute_label2  |  200|  200|         5|          2|          1|    99|    yes   |
        +------------------+-----+-----+----------+-----------+-----------+------+----------+



================================================================
== Utilization Estimates
================================================================
* Summary: 
+-----------------+---------+-------+--------+-------+
|       Name      | BRAM_18K| DSP48E|   FF   |  LUT  |
+-----------------+---------+-------+--------+-------+
|DSP              |        -|      -|       -|      -|
|Expression       |        -|     15|       0|    496|
|FIFO             |        -|      -|       -|      -|
|Instance         |        -|      -|       -|      -|
|Memory           |        0|      -|      64|      2|
|Multiplexer      |        -|      -|       -|    254|
|Register         |        -|      -|     404|      -|
+-----------------+---------+-------+--------+-------+
|Total            |        0|     15|     468|    752|
+-----------------+---------+-------+--------+-------+
|Available        |      280|    220|  106400|  53200|
+-----------------+---------+-------+--------+-------+
|Utilization (%)  |        0|      6|   ~0   |      1|
+-----------------+---------+-------+--------+-------+

+ Detail: 
    * Instance: 
    N/A

    * DSP48: 
    N/A

    * Memory: 
    +---------+---------------+---------+----+----+------+-----+------+-------------+
    |  Memory |     Module    | BRAM_18K| FF | LUT| Words| Bits| Banks| W*Bits*Banks|
    +---------+---------------+---------+----+----+------+-----+------+-------------+
    |query_U  |execute_query  |        0|  64|   2|     3|   32|     1|           96|
    +---------+---------------+---------+----+----+------+-----+------+-------------+
    |Total    |               |        0|  64|   2|     3|   32|     1|           96|
    +---------+---------------+---------+----+----+------+-----+------+-------------+

    * FIFO: 
    N/A

    * Expression: 
    +-------------------------+----------+-------+---+----+------------+------------+
    |      Variable Name      | Operation| DSP48E| FF| LUT| Bitwidth P0| Bitwidth P1|
    +-------------------------+----------+-------+---+----+------------+------------+
    |grp_fu_231_p2            |     *    |      3|  0|  20|          32|          32|
    |tmp_3_i_fu_243_p2        |     *    |      3|  0|  20|          32|          32|
    |tmp_5_i_fu_247_p2        |     *    |      3|  0|  20|          32|          32|
    |tmp_5_i_i_fu_348_p2      |     *    |      3|  0|  20|          32|          32|
    |tmp_7_i_fu_251_p2        |     *    |      3|  0|  20|          32|          32|
    |distance_fu_361_p2       |     +    |      0|  0|  32|          32|          32|
    |i_1_fu_342_p2            |     +    |      0|  0|  15|           7|           1|
    |i_fu_271_p2              |     +    |      0|  0|  10|           2|           1|
    |tmp1_fu_357_p2           |     +    |      0|  0|  32|          32|          32|
    |tmp_5_fu_315_p2          |     +    |      0|  0|  14|          10|           1|
    |tmp_6_fu_326_p2          |     +    |      0|  0|  14|          10|           2|
    |tmp_9_i_fu_259_p2        |     +    |      0|  0|  32|          32|          32|
    |tmp_fu_255_p2            |     +    |      0|  0|  32|          32|          32|
    |grp_fu_215_p2            |     -    |      0|  0|  39|          32|          32|
    |grp_fu_221_p2            |     -    |      0|  0|  39|          32|          32|
    |tmp_4_fu_304_p2          |     -    |      0|  0|  14|          10|          10|
    |tmp_4_i_i_fu_336_p2      |     -    |      0|  0|  39|          32|          32|
    |tmp_6_i_fu_237_p2        |     -    |      0|  0|  39|          32|          32|
    |exitcond_fu_282_p2       |   icmp   |      0|  0|  11|           7|           6|
    |exitcond_i_fu_265_p2     |   icmp   |      0|  0|   8|           2|           2|
    |tmp_i9_fu_367_p2         |   icmp   |      0|  0|  18|          32|          32|
    |ap_enable_pp0            |    xor   |      0|  0|   2|           1|           2|
    |ap_enable_pp1            |    xor   |      0|  0|   2|           1|           2|
    |ap_enable_reg_pp0_iter1  |    xor   |      0|  0|   2|           2|           1|
    |ap_enable_reg_pp1_iter1  |    xor   |      0|  0|   2|           2|           1|
    +-------------------------+----------+-------+---+----+------------+------------+
    |Total                    |          |     15|  0| 496|         502|         477|
    +-------------------------+----------+-------+---+----+------------+------------+

    * Multiplexer: 
    +---------------------------------------+----+-----------+-----+-----------+
    |                  Name                 | LUT| Input Size| Bits| Total Bits|
    +---------------------------------------+----+-----------+-----+-----------+
    |ap_NS_fsm                              |  50|         11|    1|         11|
    |ap_enable_reg_pp0_iter1                |  15|          3|    1|          3|
    |ap_enable_reg_pp1_iter1                |   9|          2|    1|          2|
    |ap_enable_reg_pp1_iter2                |   9|          2|    1|          2|
    |ap_phi_mux_index_assign_phi_fu_207_p4  |   9|          2|    7|         14|
    |i_i_reg_192                            |   9|          2|    2|          4|
    |index_assign_reg_203                   |   9|          2|    7|         14|
    |points_address0                        |  21|          4|    9|         36|
    |points_address1                        |  21|          4|    9|         36|
    |query_address0                         |  21|          4|    2|          8|
    |query_address1                         |  21|          4|    2|          8|
    |result_address0                        |  15|          3|    1|          3|
    |result_address1                        |  15|          3|    1|          3|
    |result_d0                              |  15|          3|   32|         96|
    |result_d1                              |  15|          3|   32|         96|
    +---------------------------------------+----+-----------+-----+-----------+
    |Total                                  | 254|         52|  108|        336|
    +---------------------------------------+----+-----------+-----+-----------+

    * Register: 
    +------------------------------------+----+----+-----+-----------+
    |                Name                | FF | LUT| Bits| Const Bits|
    +------------------------------------+----+----+-----+-----------+
    |ap_CS_fsm                           |  10|   0|   10|          0|
    |ap_enable_reg_pp0_iter0             |   1|   0|    1|          0|
    |ap_enable_reg_pp0_iter1             |   1|   0|    1|          0|
    |ap_enable_reg_pp1_iter0             |   1|   0|    1|          0|
    |ap_enable_reg_pp1_iter1             |   1|   0|    1|          0|
    |ap_enable_reg_pp1_iter2             |   1|   0|    1|          0|
    |exitcond_i_reg_431                  |   1|   0|    1|          0|
    |exitcond_reg_450                    |   1|   0|    1|          0|
    |i_1_reg_480                         |   7|   0|    7|          0|
    |i_i_reg_192                         |   2|   0|    2|          0|
    |index_assign_reg_203                |   7|   0|    7|          0|
    |index_assign_reg_203_pp1_iter1_reg  |   7|   0|    7|          0|
    |reg_227                             |  32|   0|   32|          0|
    |tmp_3_i_i_reg_485                   |  32|   0|   32|          0|
    |tmp_3_i_reg_406                     |  32|   0|   32|          0|
    |tmp_4_i_i_reg_474                   |  32|   0|   32|          0|
    |tmp_4_i_reg_394                     |  32|   0|   32|          0|
    |tmp_4_reg_454                       |  10|   0|   10|          0|
    |tmp_5_i_i_reg_490                   |  32|   0|   32|          0|
    |tmp_5_i_reg_411                     |  32|   0|   32|          0|
    |tmp_6_i_reg_400                     |  32|   0|   32|          0|
    |tmp_7_i_i_reg_495                   |  32|   0|   32|          0|
    |tmp_7_i_reg_416                     |  32|   0|   32|          0|
    |tmp_i7_reg_440                      |   2|   0|   64|         62|
    |tmp_i_reg_388                       |  32|   0|   32|          0|
    +------------------------------------+----+----+-----+-----------+
    |Total                               | 404|   0|  466|         62|
    +------------------------------------+----+----+-----+-----------+



================================================================
== Interface
================================================================
* Summary: 
+-----------------+-----+-----+------------+--------------+--------------+
|    RTL Ports    | Dir | Bits|  Protocol  | Source Object|    C Type    |
+-----------------+-----+-----+------------+--------------+--------------+
|ap_clk           |  in |    1| ap_ctrl_hs |    execute   | return value |
|ap_rst           |  in |    1| ap_ctrl_hs |    execute   | return value |
|ap_start         |  in |    1| ap_ctrl_hs |    execute   | return value |
|ap_done          | out |    1| ap_ctrl_hs |    execute   | return value |
|ap_idle          | out |    1| ap_ctrl_hs |    execute   | return value |
|ap_ready         | out |    1| ap_ctrl_hs |    execute   | return value |
|points_address0  | out |    9|  ap_memory |    points    |     array    |
|points_ce0       | out |    1|  ap_memory |    points    |     array    |
|points_q0        |  in |   32|  ap_memory |    points    |     array    |
|points_address1  | out |    9|  ap_memory |    points    |     array    |
|points_ce1       | out |    1|  ap_memory |    points    |     array    |
|points_q1        |  in |   32|  ap_memory |    points    |     array    |
|q_address0       | out |    2|  ap_memory |       q      |     array    |
|q_ce0            | out |    1|  ap_memory |       q      |     array    |
|q_q0             |  in |   32|  ap_memory |       q      |     array    |
|result_address0  | out |    1|  ap_memory |    result    |     array    |
|result_ce0       | out |    1|  ap_memory |    result    |     array    |
|result_we0       | out |    1|  ap_memory |    result    |     array    |
|result_d0        | out |   32|  ap_memory |    result    |     array    |
|result_q0        |  in |   32|  ap_memory |    result    |     array    |
|result_address1  | out |    1|  ap_memory |    result    |     array    |
|result_ce1       | out |    1|  ap_memory |    result    |     array    |
|result_we1       | out |    1|  ap_memory |    result    |     array    |
|result_d1        | out |   32|  ap_memory |    result    |     array    |
+-----------------+-----+-----+------------+--------------+--------------+

============================================================
+ Verbose Summary: Synthesis Manager
============================================================
InlineROM: 1
ExposeGlobal: 0
============================================================
+ Verbose Summary: CDFG Model
============================================================
IsTopModel: 1
ResetActiveHigh: 1
IsCombinational: 2
IsDatapathOnly: 2
HasWiredReturn: 1
HasMFsm: 0
HasVarLatency: 1
IsPipeline: 0
IsRtlPipelined: 0
IsInstanceOverlapped: 0
IsDontTouch: 0
HasImplIP: 0
IsGatedGlobalClock: 0

+ Individual pipeline summary: 
  * Pipeline-0: initiation interval (II) = 1, depth = 2
  * Pipeline-1: initiation interval (II) = 2, depth = 5


============================================================
+ Verbose Summary: Schedule
============================================================
* Number of FSM states : 14
* Pipeline : 2
  Pipeline-0 : II = 1, D = 2, States = { 6 7 }
  Pipeline-1 : II = 2, D = 5, States = { 9 10 11 12 13 }
* Dataflow Pipeline: 0

* FSM state transitions: 
1 --> 
	2  / true
2 --> 
	3  / true
3 --> 
	4  / true
4 --> 
	5  / true
5 --> 
	6  / true
6 --> 
	8  / (exitcond_i)
	7  / (!exitcond_i)
7 --> 
	6  / true
8 --> 
	9  / true
9 --> 
	14  / (exitcond)
	10  / (!exitcond)
10 --> 
	11  / true
11 --> 
	12  / true
12 --> 
	13  / true
13 --> 
	9  / true
14 --> 

* FSM state operations: 

State 1 <SV = 0> <Delay = 3.25>
ST_1 : Operation 15 [1/1] (0.00ns)   --->   "%points_addr = getelementptr [300 x i32]* %points, i64 0, i64 0"   --->   Operation 15 'getelementptr' 'points_addr' <Predicate = true> <Delay = 0.00>
ST_1 : Operation 16 [2/2] (2.32ns)   --->   "%query_load = load i32* getelementptr inbounds ([3 x i32]* @query, i64 0, i64 0), align 4" [kth_search.cpp:6->kth_search.cpp:35]   --->   Operation 16 'load' 'query_load' <Predicate = true> <Delay = 2.32> <Core = "RAM">   --->   Core 37 'RAM' <Latency = 1> <II = 1> <Delay = 2.32> <Storage> <Opcode : 'load' 'store'> <Ports = 2> <Width = 32> <Depth = 3> <RAM>
ST_1 : Operation 17 [2/2] (3.25ns)   --->   "%points_load = load i32* %points_addr, align 4" [kth_search.cpp:6->kth_search.cpp:35]   --->   Operation 17 'load' 'points_load' <Predicate = true> <Delay = 3.25> <Core = "RAM">   --->   Core 37 'RAM' <Latency = 1> <II = 1> <Delay = 2.32> <Storage> <Opcode : 'load' 'store'> <Ports = 2> <Width = 32> <Depth = 3> <RAM>

State 2 <SV = 1> <Delay = 5.80>
ST_2 : Operation 18 [1/1] (0.00ns)   --->   "%points_addr_1 = getelementptr [300 x i32]* %points, i64 0, i64 1" [kth_search.cpp:6->kth_search.cpp:35]   --->   Operation 18 'getelementptr' 'points_addr_1' <Predicate = true> <Delay = 0.00>
ST_2 : Operation 19 [1/1] (0.00ns)   --->   "%points_addr_2 = getelementptr [300 x i32]* %points, i64 0, i64 2" [kth_search.cpp:6->kth_search.cpp:35]   --->   Operation 19 'getelementptr' 'points_addr_2' <Predicate = true> <Delay = 0.00>
ST_2 : Operation 20 [1/2] (2.32ns)   --->   "%query_load = load i32* getelementptr inbounds ([3 x i32]* @query, i64 0, i64 0), align 4" [kth_search.cpp:6->kth_search.cpp:35]   --->   Operation 20 'load' 'query_load' <Predicate = true> <Delay = 2.32> <Core = "RAM">   --->   Core 37 'RAM' <Latency = 1> <II = 1> <Delay = 2.32> <Storage> <Opcode : 'load' 'store'> <Ports = 2> <Width = 32> <Depth = 3> <RAM>
ST_2 : Operation 21 [1/2] (3.25ns)   --->   "%points_load = load i32* %points_addr, align 4" [kth_search.cpp:6->kth_search.cpp:35]   --->   Operation 21 'load' 'points_load' <Predicate = true> <Delay = 3.25> <Core = "RAM">   --->   Core 37 'RAM' <Latency = 1> <II = 1> <Delay = 2.32> <Storage> <Opcode : 'load' 'store'> <Ports = 2> <Width = 32> <Depth = 3> <RAM>
ST_2 : Operation 22 [1/1] (2.55ns)   --->   "%tmp_i = sub nsw i32 %query_load, %points_load" [kth_search.cpp:6->kth_search.cpp:35]   --->   Operation 22 'sub' 'tmp_i' <Predicate = true> <Delay = 2.55> <Core = "AddSub">   --->   Core 14 'AddSub' <Latency = 0> <II = 1> <Delay = 2.55> <FuncUnit> <Opcode : 'add' 'sub'> <InPorts = 2> <OutPorts = 1>
ST_2 : Operation 23 [2/2] (2.32ns)   --->   "%query_load_1 = load i32* getelementptr inbounds ([3 x i32]* @query, i64 0, i64 1), align 4" [kth_search.cpp:6->kth_search.cpp:35]   --->   Operation 23 'load' 'query_load_1' <Predicate = true> <Delay = 2.32> <Core = "RAM">   --->   Core 37 'RAM' <Latency = 1> <II = 1> <Delay = 2.32> <Storage> <Opcode : 'load' 'store'> <Ports = 2> <Width = 32> <Depth = 3> <RAM>
ST_2 : Operation 24 [2/2] (3.25ns)   --->   "%points_load_1 = load i32* %points_addr_1, align 4" [kth_search.cpp:6->kth_search.cpp:35]   --->   Operation 24 'load' 'points_load_1' <Predicate = true> <Delay = 3.25> <Core = "RAM">   --->   Core 37 'RAM' <Latency = 1> <II = 1> <Delay = 2.32> <Storage> <Opcode : 'load' 'store'> <Ports = 2> <Width = 32> <Depth = 3> <RAM>
ST_2 : Operation 25 [2/2] (2.32ns)   --->   "%query_load_2 = load i32* getelementptr inbounds ([3 x i32]* @query, i64 0, i64 2), align 4" [kth_search.cpp:6->kth_search.cpp:35]   --->   Operation 25 'load' 'query_load_2' <Predicate = true> <Delay = 2.32> <Core = "RAM">   --->   Core 37 'RAM' <Latency = 1> <II = 1> <Delay = 2.32> <Storage> <Opcode : 'load' 'store'> <Ports = 2> <Width = 32> <Depth = 3> <RAM>
ST_2 : Operation 26 [2/2] (3.25ns)   --->   "%points_load_2 = load i32* %points_addr_2, align 4" [kth_search.cpp:6->kth_search.cpp:35]   --->   Operation 26 'load' 'points_load_2' <Predicate = true> <Delay = 3.25> <Core = "RAM">   --->   Core 37 'RAM' <Latency = 1> <II = 1> <Delay = 2.32> <Storage> <Opcode : 'load' 'store'> <Ports = 2> <Width = 32> <Depth = 3> <RAM>

State 3 <SV = 2> <Delay = 5.80>
ST_3 : Operation 27 [1/2] (2.32ns)   --->   "%query_load_1 = load i32* getelementptr inbounds ([3 x i32]* @query, i64 0, i64 1), align 4" [kth_search.cpp:6->kth_search.cpp:35]   --->   Operation 27 'load' 'query_load_1' <Predicate = true> <Delay = 2.32> <Core = "RAM">   --->   Core 37 'RAM' <Latency = 1> <II = 1> <Delay = 2.32> <Storage> <Opcode : 'load' 'store'> <Ports = 2> <Width = 32> <Depth = 3> <RAM>
ST_3 : Operation 28 [1/2] (3.25ns)   --->   "%points_load_1 = load i32* %points_addr_1, align 4" [kth_search.cpp:6->kth_search.cpp:35]   --->   Operation 28 'load' 'points_load_1' <Predicate = true> <Delay = 3.25> <Core = "RAM">   --->   Core 37 'RAM' <Latency = 1> <II = 1> <Delay = 2.32> <Storage> <Opcode : 'load' 'store'> <Ports = 2> <Width = 32> <Depth = 3> <RAM>
ST_3 : Operation 29 [1/1] (2.55ns)   --->   "%tmp_4_i = sub nsw i32 %query_load_1, %points_load_1" [kth_search.cpp:6->kth_search.cpp:35]   --->   Operation 29 'sub' 'tmp_4_i' <Predicate = true> <Delay = 2.55> <Core = "AddSub">   --->   Core 14 'AddSub' <Latency = 0> <II = 1> <Delay = 2.55> <FuncUnit> <Opcode : 'add' 'sub'> <InPorts = 2> <OutPorts = 1>
ST_3 : Operation 30 [1/2] (2.32ns)   --->   "%query_load_2 = load i32* getelementptr inbounds ([3 x i32]* @query, i64 0, i64 2), align 4" [kth_search.cpp:6->kth_search.cpp:35]   --->   Operation 30 'load' 'query_load_2' <Predicate = true> <Delay = 2.32> <Core = "RAM">   --->   Core 37 'RAM' <Latency = 1> <II = 1> <Delay = 2.32> <Storage> <Opcode : 'load' 'store'> <Ports = 2> <Width = 32> <Depth = 3> <RAM>
ST_3 : Operation 31 [1/2] (3.25ns)   --->   "%points_load_2 = load i32* %points_addr_2, align 4" [kth_search.cpp:6->kth_search.cpp:35]   --->   Operation 31 'load' 'points_load_2' <Predicate = true> <Delay = 3.25> <Core = "RAM">   --->   Core 37 'RAM' <Latency = 1> <II = 1> <Delay = 2.32> <Storage> <Opcode : 'load' 'store'> <Ports = 2> <Width = 32> <Depth = 3> <RAM>
ST_3 : Operation 32 [1/1] (2.55ns)   --->   "%tmp_6_i = sub nsw i32 %query_load_2, %points_load_2" [kth_search.cpp:6->kth_search.cpp:35]   --->   Operation 32 'sub' 'tmp_6_i' <Predicate = true> <Delay = 2.55> <Core = "AddSub">   --->   Core 14 'AddSub' <Latency = 0> <II = 1> <Delay = 2.55> <FuncUnit> <Opcode : 'add' 'sub'> <InPorts = 2> <OutPorts = 1>

State 4 <SV = 3> <Delay = 8.51>
ST_4 : Operation 33 [1/1] (8.51ns)   --->   "%tmp_3_i = mul nsw i32 %tmp_i, %tmp_i" [kth_search.cpp:6->kth_search.cpp:35]   --->   Operation 33 'mul' 'tmp_3_i' <Predicate = true> <Delay = 8.51> <Core = "Mul">   --->   Core 16 'Mul' <Latency = 0> <II = 1> <Delay = 8.51> <FuncUnit> <Opcode : 'mul'> <InPorts = 2> <OutPorts = 1>
ST_4 : Operation 34 [1/1] (8.51ns)   --->   "%tmp_5_i = mul nsw i32 %tmp_4_i, %tmp_4_i" [kth_search.cpp:6->kth_search.cpp:35]   --->   Operation 34 'mul' 'tmp_5_i' <Predicate = true> <Delay = 8.51> <Core = "Mul">   --->   Core 16 'Mul' <Latency = 0> <II = 1> <Delay = 8.51> <FuncUnit> <Opcode : 'mul'> <InPorts = 2> <OutPorts = 1>
ST_4 : Operation 35 [1/1] (8.51ns)   --->   "%tmp_7_i = mul nsw i32 %tmp_6_i, %tmp_6_i" [kth_search.cpp:6->kth_search.cpp:35]   --->   Operation 35 'mul' 'tmp_7_i' <Predicate = true> <Delay = 8.51> <Core = "Mul">   --->   Core 16 'Mul' <Latency = 0> <II = 1> <Delay = 8.51> <FuncUnit> <Opcode : 'mul'> <InPorts = 2> <OutPorts = 1>

State 5 <SV = 4> <Delay = 6.69>
ST_5 : Operation 36 [1/1] (0.00ns)   --->   "call void (...)* @_ssdm_op_SpecBitsMap([300 x i32]* %points) nounwind, !map !37"   --->   Operation 36 'specbitsmap' <Predicate = true> <Delay = 0.00>
ST_5 : Operation 37 [1/1] (0.00ns)   --->   "call void (...)* @_ssdm_op_SpecBitsMap([3 x i32]* %q) nounwind, !map !43"   --->   Operation 37 'specbitsmap' <Predicate = true> <Delay = 0.00>
ST_5 : Operation 38 [1/1] (0.00ns)   --->   "call void (...)* @_ssdm_op_SpecBitsMap([2 x i32]* %result) nounwind, !map !47"   --->   Operation 38 'specbitsmap' <Predicate = true> <Delay = 0.00>
ST_5 : Operation 39 [1/1] (0.00ns)   --->   "%result_addr = getelementptr [2 x i32]* %result, i64 0, i64 0"   --->   Operation 39 'getelementptr' 'result_addr' <Predicate = true> <Delay = 0.00>
ST_5 : Operation 40 [1/1] (0.00ns)   --->   "call void (...)* @_ssdm_op_SpecTopModule([8 x i8]* @execute_str) nounwind"   --->   Operation 40 'spectopmodule' <Predicate = true> <Delay = 0.00>
ST_5 : Operation 41 [1/1] (0.00ns) (grouped into TernaryAdder)   --->   "%tmp = add i32 %tmp_3_i, %tmp_7_i" [kth_search.cpp:6->kth_search.cpp:35]   --->   Operation 41 'add' 'tmp' <Predicate = true> <Delay = 0.00> <Core = "TAddSub">   --->   Core 80 'TAddSub' <Latency = 0> <II = 1> <Delay = 2.18> <IPBlock> <Opcode : 'add' 'sub'> <InPorts = 3> <OutPorts = 1> <Sync> <CReg>
ST_5 : Operation 42 [1/1] (4.37ns) (root node of TernaryAdder)   --->   "%tmp_9_i = add i32 %tmp, %tmp_5_i" [kth_search.cpp:6->kth_search.cpp:35]   --->   Operation 42 'add' 'tmp_9_i' <Predicate = true> <Delay = 4.37> <Core = "TAddSub">   --->   Core 80 'TAddSub' <Latency = 0> <II = 1> <Delay = 2.18> <IPBlock> <Opcode : 'add' 'sub'> <InPorts = 3> <OutPorts = 1> <Sync> <CReg>
ST_5 : Operation 43 [1/1] (2.32ns)   --->   "store i32 %tmp_9_i, i32* %result_addr, align 4" [kth_search.cpp:35]   --->   Operation 43 'store' <Predicate = true> <Delay = 2.32> <Core = "RAM">   --->   Core 37 'RAM' <Latency = 1> <II = 1> <Delay = 2.32> <Storage> <Opcode : 'load' 'store'> <Ports = 2> <Width = 32> <Depth = 3> <RAM>
ST_5 : Operation 44 [1/1] (0.00ns)   --->   "%result_addr_1 = getelementptr [2 x i32]* %result, i64 0, i64 1" [kth_search.cpp:36]   --->   Operation 44 'getelementptr' 'result_addr_1' <Predicate = true> <Delay = 0.00>
ST_5 : Operation 45 [1/1] (2.32ns)   --->   "store i32 0, i32* %result_addr_1, align 4" [kth_search.cpp:36]   --->   Operation 45 'store' <Predicate = true> <Delay = 2.32> <Core = "RAM">   --->   Core 37 'RAM' <Latency = 1> <II = 1> <Delay = 2.32> <Storage> <Opcode : 'load' 'store'> <Ports = 2> <Width = 32> <Depth = 3> <RAM>
ST_5 : Operation 46 [1/1] (1.76ns)   --->   "br label %1" [kth_search.cpp:11->kth_search.cpp:38]   --->   Operation 46 'br' <Predicate = true> <Delay = 1.76>

State 6 <SV = 5> <Delay = 2.32>
ST_6 : Operation 47 [1/1] (0.00ns)   --->   "%i_i = phi i2 [ 0, %0 ], [ %i, %2 ]"   --->   Operation 47 'phi' 'i_i' <Predicate = true> <Delay = 0.00>
ST_6 : Operation 48 [1/1] (0.95ns)   --->   "%exitcond_i = icmp eq i2 %i_i, -1" [kth_search.cpp:11->kth_search.cpp:38]   --->   Operation 48 'icmp' 'exitcond_i' <Predicate = true> <Delay = 0.95> <Core = "Cmp">   --->   Core 25 'Cmp' <Latency = 0> <II = 1> <Delay = 2.47> <FuncUnit> <Opcode : 'icmp'> <InPorts = 2> <OutPorts = 1>
ST_6 : Operation 49 [1/1] (0.00ns)   --->   "%empty = call i32 (...)* @_ssdm_op_SpecLoopTripCount(i64 3, i64 3, i64 3) nounwind"   --->   Operation 49 'speclooptripcount' 'empty' <Predicate = true> <Delay = 0.00>
ST_6 : Operation 50 [1/1] (1.56ns)   --->   "%i = add i2 %i_i, 1" [kth_search.cpp:11->kth_search.cpp:38]   --->   Operation 50 'add' 'i' <Predicate = true> <Delay = 1.56> <Core = "AddSub">   --->   Core 14 'AddSub' <Latency = 0> <II = 1> <Delay = 2.55> <FuncUnit> <Opcode : 'add' 'sub'> <InPorts = 2> <OutPorts = 1>
ST_6 : Operation 51 [1/1] (0.00ns)   --->   "br i1 %exitcond_i, label %copy3.exit.preheader, label %2" [kth_search.cpp:11->kth_search.cpp:38]   --->   Operation 51 'br' <Predicate = true> <Delay = 0.00>
ST_6 : Operation 52 [1/1] (0.00ns)   --->   "%tmp_i7 = zext i2 %i_i to i64" [kth_search.cpp:12->kth_search.cpp:38]   --->   Operation 52 'zext' 'tmp_i7' <Predicate = (!exitcond_i)> <Delay = 0.00>
ST_6 : Operation 53 [1/1] (0.00ns)   --->   "%q_addr = getelementptr [3 x i32]* %q, i64 0, i64 %tmp_i7" [kth_search.cpp:12->kth_search.cpp:38]   --->   Operation 53 'getelementptr' 'q_addr' <Predicate = (!exitcond_i)> <Delay = 0.00>
ST_6 : Operation 54 [2/2] (2.32ns)   --->   "%q_load = load i32* %q_addr, align 4" [kth_search.cpp:12->kth_search.cpp:38]   --->   Operation 54 'load' 'q_load' <Predicate = (!exitcond_i)> <Delay = 2.32> <Core = "RAM">   --->   Core 37 'RAM' <Latency = 1> <II = 1> <Delay = 2.32> <Storage> <Opcode : 'load' 'store'> <Ports = 2> <Width = 32> <Depth = 3> <RAM>

State 7 <SV = 6> <Delay = 4.64>
ST_7 : Operation 55 [1/1] (0.00ns)   --->   "call void (...)* @_ssdm_op_SpecLoopName([13 x i8]* @p_str) nounwind" [kth_search.cpp:11->kth_search.cpp:38]   --->   Operation 55 'specloopname' <Predicate = (!exitcond_i)> <Delay = 0.00>
ST_7 : Operation 56 [1/1] (0.00ns)   --->   "%tmp_3_i6 = call i32 (...)* @_ssdm_op_SpecRegionBegin([13 x i8]* @p_str) nounwind" [kth_search.cpp:11->kth_search.cpp:38]   --->   Operation 56 'specregionbegin' 'tmp_3_i6' <Predicate = (!exitcond_i)> <Delay = 0.00>
ST_7 : Operation 57 [1/1] (0.00ns)   --->   "call void (...)* @_ssdm_op_SpecPipeline(i32 -1, i32 1, i32 1, i32 0, [1 x i8]* @p_str1) nounwind" [kth_search.cpp:12->kth_search.cpp:38]   --->   Operation 57 'specpipeline' <Predicate = (!exitcond_i)> <Delay = 0.00>
ST_7 : Operation 58 [1/2] (2.32ns)   --->   "%q_load = load i32* %q_addr, align 4" [kth_search.cpp:12->kth_search.cpp:38]   --->   Operation 58 'load' 'q_load' <Predicate = (!exitcond_i)> <Delay = 2.32> <Core = "RAM">   --->   Core 37 'RAM' <Latency = 1> <II = 1> <Delay = 2.32> <Storage> <Opcode : 'load' 'store'> <Ports = 2> <Width = 32> <Depth = 3> <RAM>
ST_7 : Operation 59 [1/1] (0.00ns)   --->   "%query_addr = getelementptr [3 x i32]* @query, i64 0, i64 %tmp_i7" [kth_search.cpp:12->kth_search.cpp:38]   --->   Operation 59 'getelementptr' 'query_addr' <Predicate = (!exitcond_i)> <Delay = 0.00>
ST_7 : Operation 60 [1/1] (2.32ns)   --->   "store i32 %q_load, i32* %query_addr, align 4" [kth_search.cpp:12->kth_search.cpp:38]   --->   Operation 60 'store' <Predicate = (!exitcond_i)> <Delay = 2.32> <Core = "RAM">   --->   Core 37 'RAM' <Latency = 1> <II = 1> <Delay = 2.32> <Storage> <Opcode : 'load' 'store'> <Ports = 2> <Width = 32> <Depth = 3> <RAM>
ST_7 : Operation 61 [1/1] (0.00ns)   --->   "%empty_2 = call i32 (...)* @_ssdm_op_SpecRegionEnd([13 x i8]* @p_str, i32 %tmp_3_i6) nounwind" [kth_search.cpp:13->kth_search.cpp:38]   --->   Operation 61 'specregionend' 'empty_2' <Predicate = (!exitcond_i)> <Delay = 0.00>
ST_7 : Operation 62 [1/1] (0.00ns)   --->   "br label %1" [kth_search.cpp:11->kth_search.cpp:38]   --->   Operation 62 'br' <Predicate = (!exitcond_i)> <Delay = 0.00>

State 8 <SV = 6> <Delay = 1.76>
ST_8 : Operation 63 [1/1] (1.76ns)   --->   "br label %copy3.exit" [kth_search.cpp:40]   --->   Operation 63 'br' <Predicate = true> <Delay = 1.76>

State 9 <SV = 7> <Delay = 6.80>
ST_9 : Operation 64 [1/1] (0.00ns)   --->   "%index_assign = phi i7 [ %i_1, %verify.exit ], [ 1, %copy3.exit.preheader ]"   --->   Operation 64 'phi' 'index_assign' <Predicate = true> <Delay = 0.00>
ST_9 : Operation 65 [1/1] (1.48ns)   --->   "%exitcond = icmp eq i7 %index_assign, -28" [kth_search.cpp:40]   --->   Operation 65 'icmp' 'exitcond' <Predicate = true> <Delay = 1.48> <Core = "Cmp">   --->   Core 25 'Cmp' <Latency = 0> <II = 1> <Delay = 2.47> <FuncUnit> <Opcode : 'icmp'> <InPorts = 2> <OutPorts = 1>
ST_9 : Operation 66 [1/1] (0.00ns)   --->   "%empty_3 = call i32 (...)* @_ssdm_op_SpecLoopTripCount(i64 99, i64 99, i64 99) nounwind"   --->   Operation 66 'speclooptripcount' 'empty_3' <Predicate = true> <Delay = 0.00>
ST_9 : Operation 67 [1/1] (0.00ns)   --->   "br i1 %exitcond, label %5, label %3" [kth_search.cpp:40]   --->   Operation 67 'br' <Predicate = true> <Delay = 0.00>
ST_9 : Operation 68 [1/1] (0.00ns)   --->   "%tmp_1_cast = zext i7 %index_assign to i10" [kth_search.cpp:40]   --->   Operation 68 'zext' 'tmp_1_cast' <Predicate = (!exitcond)> <Delay = 0.00>
ST_9 : Operation 69 [1/1] (0.00ns)   --->   "%tmp_3 = call i9 @_ssdm_op_BitConcatenate.i9.i7.i2(i7 %index_assign, i2 0)" [kth_search.cpp:40]   --->   Operation 69 'bitconcatenate' 'tmp_3' <Predicate = (!exitcond)> <Delay = 0.00>
ST_9 : Operation 70 [1/1] (0.00ns)   --->   "%p_shl_cast = zext i9 %tmp_3 to i10" [kth_search.cpp:40]   --->   Operation 70 'zext' 'p_shl_cast' <Predicate = (!exitcond)> <Delay = 0.00>
ST_9 : Operation 71 [1/1] (1.82ns)   --->   "%tmp_4 = sub i10 %p_shl_cast, %tmp_1_cast" [kth_search.cpp:40]   --->   Operation 71 'sub' 'tmp_4' <Predicate = (!exitcond)> <Delay = 1.82> <Core = "AddSub">   --->   Core 14 'AddSub' <Latency = 0> <II = 1> <Delay = 2.55> <FuncUnit> <Opcode : 'add' 'sub'> <InPorts = 2> <OutPorts = 1>
ST_9 : Operation 72 [1/1] (0.00ns)   --->   "%tmp_4_cast = sext i10 %tmp_4 to i64" [kth_search.cpp:40]   --->   Operation 72 'sext' 'tmp_4_cast' <Predicate = (!exitcond)> <Delay = 0.00>
ST_9 : Operation 73 [1/1] (0.00ns)   --->   "%points_addr_3 = getelementptr [300 x i32]* %points, i64 0, i64 %tmp_4_cast" [kth_search.cpp:40]   --->   Operation 73 'getelementptr' 'points_addr_3' <Predicate = (!exitcond)> <Delay = 0.00>
ST_9 : Operation 74 [1/1] (1.73ns)   --->   "%tmp_5 = add i10 %tmp_4, 1" [kth_search.cpp:6->kth_search.cpp:18->kth_search.cpp:43]   --->   Operation 74 'add' 'tmp_5' <Predicate = (!exitcond)> <Delay = 1.73> <Core = "AddSub">   --->   Core 14 'AddSub' <Latency = 0> <II = 1> <Delay = 2.55> <FuncUnit> <Opcode : 'add' 'sub'> <InPorts = 2> <OutPorts = 1>
ST_9 : Operation 75 [1/1] (0.00ns)   --->   "%tmp_5_cast = sext i10 %tmp_5 to i64" [kth_search.cpp:6->kth_search.cpp:18->kth_search.cpp:43]   --->   Operation 75 'sext' 'tmp_5_cast' <Predicate = (!exitcond)> <Delay = 0.00>
ST_9 : Operation 76 [1/1] (0.00ns)   --->   "%points_addr_4 = getelementptr [300 x i32]* %points, i64 0, i64 %tmp_5_cast" [kth_search.cpp:6->kth_search.cpp:18->kth_search.cpp:43]   --->   Operation 76 'getelementptr' 'points_addr_4' <Predicate = (!exitcond)> <Delay = 0.00>
ST_9 : Operation 77 [2/2] (2.32ns)   --->   "%query_load_3 = load i32* getelementptr inbounds ([3 x i32]* @query, i64 0, i64 0), align 4" [kth_search.cpp:6->kth_search.cpp:18->kth_search.cpp:43]   --->   Operation 77 'load' 'query_load_3' <Predicate = (!exitcond)> <Delay = 2.32> <Core = "RAM">   --->   Core 37 'RAM' <Latency = 1> <II = 1> <Delay = 2.32> <Storage> <Opcode : 'load' 'store'> <Ports = 2> <Width = 32> <Depth = 3> <RAM>
ST_9 : Operation 78 [2/2] (3.25ns)   --->   "%points_load_3 = load i32* %points_addr_3, align 4" [kth_search.cpp:6->kth_search.cpp:18->kth_search.cpp:43]   --->   Operation 78 'load' 'points_load_3' <Predicate = (!exitcond)> <Delay = 3.25> <Core = "RAM">   --->   Core 37 'RAM' <Latency = 1> <II = 1> <Delay = 2.32> <Storage> <Opcode : 'load' 'store'> <Ports = 2> <Width = 32> <Depth = 3> <RAM>
ST_9 : Operation 79 [2/2] (2.32ns)   --->   "%query_load_4 = load i32* getelementptr inbounds ([3 x i32]* @query, i64 0, i64 1), align 4" [kth_search.cpp:6->kth_search.cpp:18->kth_search.cpp:43]   --->   Operation 79 'load' 'query_load_4' <Predicate = (!exitcond)> <Delay = 2.32> <Core = "RAM">   --->   Core 37 'RAM' <Latency = 1> <II = 1> <Delay = 2.32> <Storage> <Opcode : 'load' 'store'> <Ports = 2> <Width = 32> <Depth = 3> <RAM>
ST_9 : Operation 80 [2/2] (3.25ns)   --->   "%points_load_4 = load i32* %points_addr_4, align 4" [kth_search.cpp:6->kth_search.cpp:18->kth_search.cpp:43]   --->   Operation 80 'load' 'points_load_4' <Predicate = (!exitcond)> <Delay = 3.25> <Core = "RAM">   --->   Core 37 'RAM' <Latency = 1> <II = 1> <Delay = 2.32> <Storage> <Opcode : 'load' 'store'> <Ports = 2> <Width = 32> <Depth = 3> <RAM>

State 10 <SV = 8> <Delay = 5.80>
ST_10 : Operation 81 [1/1] (1.73ns)   --->   "%tmp_6 = add i10 %tmp_4, 2" [kth_search.cpp:6->kth_search.cpp:18->kth_search.cpp:43]   --->   Operation 81 'add' 'tmp_6' <Predicate = (!exitcond)> <Delay = 1.73> <Core = "AddSub">   --->   Core 14 'AddSub' <Latency = 0> <II = 1> <Delay = 2.55> <FuncUnit> <Opcode : 'add' 'sub'> <InPorts = 2> <OutPorts = 1>
ST_10 : Operation 82 [1/1] (0.00ns)   --->   "%tmp_6_cast = sext i10 %tmp_6 to i64" [kth_search.cpp:6->kth_search.cpp:18->kth_search.cpp:43]   --->   Operation 82 'sext' 'tmp_6_cast' <Predicate = (!exitcond)> <Delay = 0.00>
ST_10 : Operation 83 [1/1] (0.00ns)   --->   "%points_addr_5 = getelementptr [300 x i32]* %points, i64 0, i64 %tmp_6_cast" [kth_search.cpp:6->kth_search.cpp:18->kth_search.cpp:43]   --->   Operation 83 'getelementptr' 'points_addr_5' <Predicate = (!exitcond)> <Delay = 0.00>
ST_10 : Operation 84 [1/2] (2.32ns)   --->   "%query_load_3 = load i32* getelementptr inbounds ([3 x i32]* @query, i64 0, i64 0), align 4" [kth_search.cpp:6->kth_search.cpp:18->kth_search.cpp:43]   --->   Operation 84 'load' 'query_load_3' <Predicate = (!exitcond)> <Delay = 2.32> <Core = "RAM">   --->   Core 37 'RAM' <Latency = 1> <II = 1> <Delay = 2.32> <Storage> <Opcode : 'load' 'store'> <Ports = 2> <Width = 32> <Depth = 3> <RAM>
ST_10 : Operation 85 [1/2] (3.25ns)   --->   "%points_load_3 = load i32* %points_addr_3, align 4" [kth_search.cpp:6->kth_search.cpp:18->kth_search.cpp:43]   --->   Operation 85 'load' 'points_load_3' <Predicate = (!exitcond)> <Delay = 3.25> <Core = "RAM">   --->   Core 37 'RAM' <Latency = 1> <II = 1> <Delay = 2.32> <Storage> <Opcode : 'load' 'store'> <Ports = 2> <Width = 32> <Depth = 3> <RAM>
ST_10 : Operation 86 [1/1] (2.55ns)   --->   "%tmp_i_i = sub nsw i32 %query_load_3, %points_load_3" [kth_search.cpp:6->kth_search.cpp:18->kth_search.cpp:43]   --->   Operation 86 'sub' 'tmp_i_i' <Predicate = (!exitcond)> <Delay = 2.55> <Core = "AddSub">   --->   Core 14 'AddSub' <Latency = 0> <II = 1> <Delay = 2.55> <FuncUnit> <Opcode : 'add' 'sub'> <InPorts = 2> <OutPorts = 1>
ST_10 : Operation 87 [1/2] (2.32ns)   --->   "%query_load_4 = load i32* getelementptr inbounds ([3 x i32]* @query, i64 0, i64 1), align 4" [kth_search.cpp:6->kth_search.cpp:18->kth_search.cpp:43]   --->   Operation 87 'load' 'query_load_4' <Predicate = (!exitcond)> <Delay = 2.32> <Core = "RAM">   --->   Core 37 'RAM' <Latency = 1> <II = 1> <Delay = 2.32> <Storage> <Opcode : 'load' 'store'> <Ports = 2> <Width = 32> <Depth = 3> <RAM>
ST_10 : Operation 88 [1/2] (3.25ns)   --->   "%points_load_4 = load i32* %points_addr_4, align 4" [kth_search.cpp:6->kth_search.cpp:18->kth_search.cpp:43]   --->   Operation 88 'load' 'points_load_4' <Predicate = (!exitcond)> <Delay = 3.25> <Core = "RAM">   --->   Core 37 'RAM' <Latency = 1> <II = 1> <Delay = 2.32> <Storage> <Opcode : 'load' 'store'> <Ports = 2> <Width = 32> <Depth = 3> <RAM>
ST_10 : Operation 89 [1/1] (2.55ns)   --->   "%tmp_4_i_i = sub nsw i32 %query_load_4, %points_load_4" [kth_search.cpp:6->kth_search.cpp:18->kth_search.cpp:43]   --->   Operation 89 'sub' 'tmp_4_i_i' <Predicate = (!exitcond)> <Delay = 2.55> <Core = "AddSub">   --->   Core 14 'AddSub' <Latency = 0> <II = 1> <Delay = 2.55> <FuncUnit> <Opcode : 'add' 'sub'> <InPorts = 2> <OutPorts = 1>
ST_10 : Operation 90 [2/2] (2.32ns)   --->   "%query_load_5 = load i32* getelementptr inbounds ([3 x i32]* @query, i64 0, i64 2), align 4" [kth_search.cpp:6->kth_search.cpp:18->kth_search.cpp:43]   --->   Operation 90 'load' 'query_load_5' <Predicate = (!exitcond)> <Delay = 2.32> <Core = "RAM">   --->   Core 37 'RAM' <Latency = 1> <II = 1> <Delay = 2.32> <Storage> <Opcode : 'load' 'store'> <Ports = 2> <Width = 32> <Depth = 3> <RAM>
ST_10 : Operation 91 [2/2] (3.25ns)   --->   "%points_load_5 = load i32* %points_addr_5, align 4" [kth_search.cpp:6->kth_search.cpp:18->kth_search.cpp:43]   --->   Operation 91 'load' 'points_load_5' <Predicate = (!exitcond)> <Delay = 3.25> <Core = "RAM">   --->   Core 37 'RAM' <Latency = 1> <II = 1> <Delay = 2.32> <Storage> <Opcode : 'load' 'store'> <Ports = 2> <Width = 32> <Depth = 3> <RAM>
ST_10 : Operation 92 [1/1] (1.87ns)   --->   "%i_1 = add i7 %index_assign, 1" [kth_search.cpp:40]   --->   Operation 92 'add' 'i_1' <Predicate = (!exitcond)> <Delay = 1.87> <Core = "AddSub">   --->   Core 14 'AddSub' <Latency = 0> <II = 1> <Delay = 2.55> <FuncUnit> <Opcode : 'add' 'sub'> <InPorts = 2> <OutPorts = 1>

State 11 <SV = 9> <Delay = 8.51>
ST_11 : Operation 93 [1/1] (8.51ns)   --->   "%tmp_3_i_i = mul nsw i32 %tmp_i_i, %tmp_i_i" [kth_search.cpp:6->kth_search.cpp:18->kth_search.cpp:43]   --->   Operation 93 'mul' 'tmp_3_i_i' <Predicate = true> <Delay = 8.51> <Core = "Mul">   --->   Core 16 'Mul' <Latency = 0> <II = 1> <Delay = 8.51> <FuncUnit> <Opcode : 'mul'> <InPorts = 2> <OutPorts = 1>
ST_11 : Operation 94 [1/1] (8.51ns)   --->   "%tmp_5_i_i = mul nsw i32 %tmp_4_i_i, %tmp_4_i_i" [kth_search.cpp:6->kth_search.cpp:18->kth_search.cpp:43]   --->   Operation 94 'mul' 'tmp_5_i_i' <Predicate = true> <Delay = 8.51> <Core = "Mul">   --->   Core 16 'Mul' <Latency = 0> <II = 1> <Delay = 8.51> <FuncUnit> <Opcode : 'mul'> <InPorts = 2> <OutPorts = 1>
ST_11 : Operation 95 [1/2] (2.32ns)   --->   "%query_load_5 = load i32* getelementptr inbounds ([3 x i32]* @query, i64 0, i64 2), align 4" [kth_search.cpp:6->kth_search.cpp:18->kth_search.cpp:43]   --->   Operation 95 'load' 'query_load_5' <Predicate = true> <Delay = 2.32> <Core = "RAM">   --->   Core 37 'RAM' <Latency = 1> <II = 1> <Delay = 2.32> <Storage> <Opcode : 'load' 'store'> <Ports = 2> <Width = 32> <Depth = 3> <RAM>
ST_11 : Operation 96 [1/2] (3.25ns)   --->   "%points_load_5 = load i32* %points_addr_5, align 4" [kth_search.cpp:6->kth_search.cpp:18->kth_search.cpp:43]   --->   Operation 96 'load' 'points_load_5' <Predicate = true> <Delay = 3.25> <Core = "RAM">   --->   Core 37 'RAM' <Latency = 1> <II = 1> <Delay = 2.32> <Storage> <Opcode : 'load' 'store'> <Ports = 2> <Width = 32> <Depth = 3> <RAM>
ST_11 : Operation 97 [1/1] (2.55ns)   --->   "%tmp_6_i_i = sub nsw i32 %query_load_5, %points_load_5" [kth_search.cpp:6->kth_search.cpp:18->kth_search.cpp:43]   --->   Operation 97 'sub' 'tmp_6_i_i' <Predicate = true> <Delay = 2.55> <Core = "AddSub">   --->   Core 14 'AddSub' <Latency = 0> <II = 1> <Delay = 2.55> <FuncUnit> <Opcode : 'add' 'sub'> <InPorts = 2> <OutPorts = 1>

State 12 <SV = 10> <Delay = 8.51>
ST_12 : Operation 98 [1/1] (8.51ns)   --->   "%tmp_7_i_i = mul nsw i32 %tmp_6_i_i, %tmp_6_i_i" [kth_search.cpp:6->kth_search.cpp:18->kth_search.cpp:43]   --->   Operation 98 'mul' 'tmp_7_i_i' <Predicate = true> <Delay = 8.51> <Core = "Mul">   --->   Core 16 'Mul' <Latency = 0> <II = 1> <Delay = 8.51> <FuncUnit> <Opcode : 'mul'> <InPorts = 2> <OutPorts = 1>
ST_12 : Operation 99 [2/2] (2.32ns)   --->   "%result_load = load i32* %result_addr, align 4" [kth_search.cpp:20->kth_search.cpp:43]   --->   Operation 99 'load' 'result_load' <Predicate = true> <Delay = 2.32> <Core = "RAM">   --->   Core 37 'RAM' <Latency = 1> <II = 1> <Delay = 2.32> <Storage> <Opcode : 'load' 'store'> <Ports = 2> <Width = 32> <Depth = 3> <RAM>

State 13 <SV = 11> <Delay = 6.84>
ST_13 : Operation 100 [1/1] (0.00ns)   --->   "%index_assign_cast2 = zext i7 %index_assign to i32" [kth_search.cpp:40]   --->   Operation 100 'zext' 'index_assign_cast2' <Predicate = true> <Delay = 0.00>
ST_13 : Operation 101 [1/1] (0.00ns)   --->   "call void (...)* @_ssdm_op_SpecLoopName([15 x i8]* @p_str2) nounwind" [kth_search.cpp:40]   --->   Operation 101 'specloopname' <Predicate = true> <Delay = 0.00>
ST_13 : Operation 102 [1/1] (0.00ns)   --->   "%tmp_2 = call i32 (...)* @_ssdm_op_SpecRegionBegin([15 x i8]* @p_str2) nounwind" [kth_search.cpp:40]   --->   Operation 102 'specregionbegin' 'tmp_2' <Predicate = true> <Delay = 0.00>
ST_13 : Operation 103 [1/1] (0.00ns)   --->   "call void (...)* @_ssdm_op_SpecPipeline(i32 -1, i32 1, i32 1, i32 0, [1 x i8]* @p_str1) nounwind" [kth_search.cpp:41]   --->   Operation 103 'specpipeline' <Predicate = true> <Delay = 0.00>
ST_13 : Operation 104 [1/1] (0.00ns) (grouped into TernaryAdder)   --->   "%tmp1 = add i32 %tmp_7_i_i, %tmp_3_i_i" [kth_search.cpp:6->kth_search.cpp:18->kth_search.cpp:43]   --->   Operation 104 'add' 'tmp1' <Predicate = true> <Delay = 0.00> <Core = "TAddSub">   --->   Core 80 'TAddSub' <Latency = 0> <II = 1> <Delay = 2.18> <IPBlock> <Opcode : 'add' 'sub'> <InPorts = 3> <OutPorts = 1> <Sync> <CReg>
ST_13 : Operation 105 [1/1] (4.37ns) (root node of TernaryAdder)   --->   "%distance = add i32 %tmp_5_i_i, %tmp1" [kth_search.cpp:6->kth_search.cpp:18->kth_search.cpp:43]   --->   Operation 105 'add' 'distance' <Predicate = true> <Delay = 4.37> <Core = "TAddSub">   --->   Core 80 'TAddSub' <Latency = 0> <II = 1> <Delay = 2.18> <IPBlock> <Opcode : 'add' 'sub'> <InPorts = 3> <OutPorts = 1> <Sync> <CReg>
ST_13 : Operation 106 [1/2] (2.32ns)   --->   "%result_load = load i32* %result_addr, align 4" [kth_search.cpp:20->kth_search.cpp:43]   --->   Operation 106 'load' 'result_load' <Predicate = true> <Delay = 2.32> <Core = "RAM">   --->   Core 37 'RAM' <Latency = 1> <II = 1> <Delay = 2.32> <Storage> <Opcode : 'load' 'store'> <Ports = 2> <Width = 32> <Depth = 3> <RAM>
ST_13 : Operation 107 [1/1] (2.47ns)   --->   "%tmp_i9 = icmp slt i32 %distance, %result_load" [kth_search.cpp:20->kth_search.cpp:43]   --->   Operation 107 'icmp' 'tmp_i9' <Predicate = true> <Delay = 2.47> <Core = "Cmp">   --->   Core 25 'Cmp' <Latency = 0> <II = 1> <Delay = 2.47> <FuncUnit> <Opcode : 'icmp'> <InPorts = 2> <OutPorts = 1>
ST_13 : Operation 108 [1/1] (0.00ns)   --->   "br i1 %tmp_i9, label %4, label %verify.exit" [kth_search.cpp:20->kth_search.cpp:43]   --->   Operation 108 'br' <Predicate = true> <Delay = 0.00>
ST_13 : Operation 109 [1/1] (2.32ns)   --->   "store i32 %distance, i32* %result_addr, align 4" [kth_search.cpp:22->kth_search.cpp:43]   --->   Operation 109 'store' <Predicate = (tmp_i9)> <Delay = 2.32> <Core = "RAM">   --->   Core 37 'RAM' <Latency = 1> <II = 1> <Delay = 2.32> <Storage> <Opcode : 'load' 'store'> <Ports = 2> <Width = 32> <Depth = 3> <RAM>
ST_13 : Operation 110 [1/1] (2.32ns)   --->   "store i32 %index_assign_cast2, i32* %result_addr_1, align 4" [kth_search.cpp:23->kth_search.cpp:43]   --->   Operation 110 'store' <Predicate = (tmp_i9)> <Delay = 2.32> <Core = "RAM">   --->   Core 37 'RAM' <Latency = 1> <II = 1> <Delay = 2.32> <Storage> <Opcode : 'load' 'store'> <Ports = 2> <Width = 32> <Depth = 3> <RAM>
ST_13 : Operation 111 [1/1] (0.00ns)   --->   "br label %verify.exit" [kth_search.cpp:24->kth_search.cpp:43]   --->   Operation 111 'br' <Predicate = (tmp_i9)> <Delay = 0.00>
ST_13 : Operation 112 [1/1] (0.00ns)   --->   "%empty_4 = call i32 (...)* @_ssdm_op_SpecRegionEnd([15 x i8]* @p_str2, i32 %tmp_2) nounwind" [kth_search.cpp:45]   --->   Operation 112 'specregionend' 'empty_4' <Predicate = (!exitcond)> <Delay = 0.00>
ST_13 : Operation 113 [1/1] (0.00ns)   --->   "br label %copy3.exit" [kth_search.cpp:40]   --->   Operation 113 'br' <Predicate = (!exitcond)> <Delay = 0.00>

State 14 <SV = 8> <Delay = 0.00>
ST_14 : Operation 114 [1/1] (0.00ns)   --->   "ret void" [kth_search.cpp:51]   --->   Operation 114 'ret' <Predicate = true> <Delay = 0.00>


============================================================
+ Verbose Summary: Binding
============================================================
STG Binding: 
---------------- STG Properties BEGIN ----------------
- Is combinational: 0
- Is one-state seq: 0
- Is datapath-only: 0
- Is pipelined: 0
- Is top level: 1
Port [ Return ] is wired: 1; IO mode=ap_ctrl_hs:ce=0
Port [ points]:  wired=1; compound=1; hidden=0; nouse=0; global=0; static=0; extern=0; dir=0; type=1; pingpong=0; private_global=0; MemPort=[11]; IO mode=ap_memory:ce=0
Port [ q]:  wired=1; compound=1; hidden=0; nouse=0; global=0; static=0; extern=0; dir=0; type=1; pingpong=0; private_global=0; MemPort=[13]; IO mode=ap_memory:ce=0
Port [ result]:  wired=1; compound=1; hidden=0; nouse=0; global=0; static=0; extern=0; dir=2; type=1; pingpong=0; private_global=0; MemPort=[20]; IO mode=ap_memory:ce=0
Port [ query]:  wired=0; compound=1; hidden=1; nouse=0; global=1; static=0; extern=0; dir=2; type=1; pingpong=0; private_global=1; linkage=0; visibility=0; MemPort=[12]; IO mode=ap_memory:ce=0
---------------- STG Properties END ------------------

---------------- Datapath Model BEGIN ----------------

<LifeTime>
<method=bitvector/>
points_addr        (getelementptr    ) [ 001000000000000]
points_addr_1      (getelementptr    ) [ 000100000000000]
points_addr_2      (getelementptr    ) [ 000100000000000]
query_load         (load             ) [ 000000000000000]
points_load        (load             ) [ 000000000000000]
tmp_i              (sub              ) [ 000110000000000]
query_load_1       (load             ) [ 000000000000000]
points_load_1      (load             ) [ 000000000000000]
tmp_4_i            (sub              ) [ 000010000000000]
query_load_2       (load             ) [ 000000000000000]
points_load_2      (load             ) [ 000000000000000]
tmp_6_i            (sub              ) [ 000010000000000]
tmp_3_i            (mul              ) [ 000001000000000]
tmp_5_i            (mul              ) [ 000001000000000]
tmp_7_i            (mul              ) [ 000001000000000]
StgValue_36        (specbitsmap      ) [ 000000000000000]
StgValue_37        (specbitsmap      ) [ 000000000000000]
StgValue_38        (specbitsmap      ) [ 000000000000000]
result_addr        (getelementptr    ) [ 000000111111110]
StgValue_40        (spectopmodule    ) [ 000000000000000]
tmp                (add              ) [ 000000000000000]
tmp_9_i            (add              ) [ 000000000000000]
StgValue_43        (store            ) [ 000000000000000]
result_addr_1      (getelementptr    ) [ 000000111111110]
StgValue_45        (store            ) [ 000000000000000]
StgValue_46        (br               ) [ 000001110000000]
i_i                (phi              ) [ 000000100000000]
exitcond_i         (icmp             ) [ 000000110000000]
empty              (speclooptripcount) [ 000000000000000]
i                  (add              ) [ 000001110000000]
StgValue_51        (br               ) [ 000000000000000]
tmp_i7             (zext             ) [ 000000110000000]
q_addr             (getelementptr    ) [ 000000110000000]
StgValue_55        (specloopname     ) [ 000000000000000]
tmp_3_i6           (specregionbegin  ) [ 000000000000000]
StgValue_57        (specpipeline     ) [ 000000000000000]
q_load             (load             ) [ 000000000000000]
query_addr         (getelementptr    ) [ 000000000000000]
StgValue_60        (store            ) [ 000000000000000]
empty_2            (specregionend    ) [ 000000000000000]
StgValue_62        (br               ) [ 000001110000000]
StgValue_63        (br               ) [ 000000001111110]
index_assign       (phi              ) [ 000000000111110]
exitcond           (icmp             ) [ 000000000111110]
empty_3            (speclooptripcount) [ 000000000000000]
StgValue_67        (br               ) [ 000000000000000]
tmp_1_cast         (zext             ) [ 000000000000000]
tmp_3              (bitconcatenate   ) [ 000000000000000]
p_shl_cast         (zext             ) [ 000000000000000]
tmp_4              (sub              ) [ 000000000010000]
tmp_4_cast         (sext             ) [ 000000000000000]
points_addr_3      (getelementptr    ) [ 000000000010000]
tmp_5              (add              ) [ 000000000000000]
tmp_5_cast         (sext             ) [ 000000000000000]
points_addr_4      (getelementptr    ) [ 000000000010000]
tmp_6              (add              ) [ 000000000000000]
tmp_6_cast         (sext             ) [ 000000000000000]
points_addr_5      (getelementptr    ) [ 000000000101000]
query_load_3       (load             ) [ 000000000000000]
points_load_3      (load             ) [ 000000000000000]
tmp_i_i            (sub              ) [ 000000000101000]
query_load_4       (load             ) [ 000000000000000]
points_load_4      (load             ) [ 000000000000000]
tmp_4_i_i          (sub              ) [ 000000000101000]
i_1                (add              ) [ 000000001111110]
tmp_3_i_i          (mul              ) [ 000000000110110]
tmp_5_i_i          (mul              ) [ 000000000110110]
query_load_5       (load             ) [ 000000000000000]
points_load_5      (load             ) [ 000000000000000]
tmp_6_i_i          (sub              ) [ 000000000010100]
tmp_7_i_i          (mul              ) [ 000000000100010]
index_assign_cast2 (zext             ) [ 000000000000000]
StgValue_101       (specloopname     ) [ 000000000000000]
tmp_2              (specregionbegin  ) [ 000000000000000]
StgValue_103       (specpipeline     ) [ 000000000000000]
tmp1               (add              ) [ 000000000000000]
distance           (add              ) [ 000000000000000]
result_load        (load             ) [ 000000000000000]
tmp_i9             (icmp             ) [ 000000000111110]
StgValue_108       (br               ) [ 000000000000000]
StgValue_109       (store            ) [ 000000000000000]
StgValue_110       (store            ) [ 000000000000000]
StgValue_111       (br               ) [ 000000000000000]
empty_4            (specregionend    ) [ 000000000000000]
StgValue_113       (br               ) [ 000000001111110]
StgValue_114       (ret              ) [ 000000000000000]
</LifeTime>

<model>

<comp_list>
<comp id="0" class="1000" name="points">
<pin_list>
<pin id="1" dir="1" index="0" bw="1" slack="0"/>
</pin_list>
<bind>
<StgValue><ssdm name="points"/><MemPortTyVec>1 1 </MemPortTyVec>
</StgValue>
</bind>
</comp>

<comp id="2" class="1000" name="q">
<pin_list>
<pin id="3" dir="1" index="0" bw="1" slack="0"/>
</pin_list>
<bind>
<StgValue><ssdm name="q"/><MemPortTyVec>1 3 </MemPortTyVec>
</StgValue>
</bind>
</comp>

<comp id="4" class="1000" name="result">
<pin_list>
<pin id="5" dir="1" index="0" bw="1" slack="0"/>
</pin_list>
<bind>
<StgValue><ssdm name="result"/><MemPortTyVec>2 0 </MemPortTyVec>
</StgValue>
</bind>
</comp>

<comp id="6" class="1000" name="query">
<pin_list>
<pin id="7" dir="1" index="0" bw="1" slack="0"/>
</pin_list>
<bind>
<StgValue><ssdm name="query"/><MemPortTyVec>1 2 </MemPortTyVec>
</StgValue>
</bind>
</comp>

<comp id="8" class="1001" name="const_8">
<pin_list>
<pin id="9" dir="1" index="0" bw="1" slack="0"/>
</pin_list>
<bind>
<StgValue><ssdm name=""/></StgValue>
</bind>
</comp>

<comp id="10" class="1001" name="const_10">
<pin_list>
<pin id="11" dir="1" index="0" bw="1" slack="0"/>
</pin_list>
<bind>
<StgValue><ssdm name=""/></StgValue>
</bind>
</comp>

<comp id="12" class="1001" name="const_12">
<pin_list>
<pin id="13" dir="1" index="0" bw="1" slack="0"/>
</pin_list>
<bind>
<StgValue><ssdm name=""/></StgValue>
</bind>
</comp>

<comp id="14" class="1001" name="const_14">
<pin_list>
<pin id="15" dir="1" index="0" bw="1" slack="0"/>
</pin_list>
<bind>
<StgValue><ssdm name=""/></StgValue>
</bind>
</comp>

<comp id="16" class="1001" name="const_16">
<pin_list>
<pin id="17" dir="1" index="0" bw="1" slack="0"/>
</pin_list>
<bind>
<StgValue><ssdm name=""/></StgValue>
</bind>
</comp>

<comp id="18" class="1001" name="const_18">
<pin_list>
<pin id="19" dir="1" index="0" bw="1" slack="0"/>
</pin_list>
<bind>
<StgValue><ssdm name=""/></StgValue>
</bind>
</comp>

<comp id="20" class="1001" name="const_20">
<pin_list>
<pin id="21" dir="1" index="0" bw="1" slack="2147483647"/>
</pin_list>
<bind>
<StgValue><ssdm name="_ssdm_op_SpecBitsMap"/></StgValue>
</bind>
</comp>

<comp id="22" class="1001" name="const_22">
<pin_list>
<pin id="23" dir="1" index="0" bw="1" slack="2147483647"/>
</pin_list>
<bind>
<StgValue><ssdm name="_ssdm_op_SpecTopModule"/></StgValue>
</bind>
</comp>

<comp id="24" class="1001" name="const_24">
<pin_list>
<pin id="25" dir="1" index="0" bw="1" slack="2147483647"/>
</pin_list>
<bind>
<StgValue><ssdm name="execute_str"/></StgValue>
</bind>
</comp>

<comp id="26" class="1001" name="const_26">
<pin_list>
<pin id="27" dir="1" index="0" bw="1" slack="0"/>
</pin_list>
<bind>
<StgValue><ssdm name=""/></StgValue>
</bind>
</comp>

<comp id="28" class="1001" name="const_28">
<pin_list>
<pin id="29" dir="1" index="0" bw="1" slack="0"/>
</pin_list>
<bind>
<StgValue><ssdm name=""/></StgValue>
</bind>
</comp>

<comp id="30" class="1001" name="const_30">
<pin_list>
<pin id="31" dir="1" index="0" bw="1" slack="0"/>
</pin_list>
<bind>
<StgValue><ssdm name=""/></StgValue>
</bind>
</comp>

<comp id="32" class="1001" name="const_32">
<pin_list>
<pin id="33" dir="1" index="0" bw="1" slack="2147483647"/>
</pin_list>
<bind>
<StgValue><ssdm name="_ssdm_op_SpecLoopTripCount"/></StgValue>
</bind>
</comp>

<comp id="34" class="1001" name="const_34">
<pin_list>
<pin id="35" dir="1" index="0" bw="1" slack="2147483647"/>
</pin_list>
<bind>
<StgValue><ssdm name=""/></StgValue>
</bind>
</comp>

<comp id="36" class="1001" name="const_36">
<pin_list>
<pin id="37" dir="1" index="0" bw="1" slack="0"/>
</pin_list>
<bind>
<StgValue><ssdm name=""/></StgValue>
</bind>
</comp>

<comp id="38" class="1001" name="const_38">
<pin_list>
<pin id="39" dir="1" index="0" bw="1" slack="2147483647"/>
</pin_list>
<bind>
<StgValue><ssdm name="_ssdm_op_SpecLoopName"/></StgValue>
</bind>
</comp>

<comp id="40" class="1001" name="const_40">
<pin_list>
<pin id="41" dir="1" index="0" bw="1" slack="2147483647"/>
</pin_list>
<bind>
<StgValue><ssdm name="p_str"/></StgValue>
</bind>
</comp>

<comp id="42" class="1001" name="const_42">
<pin_list>
<pin id="43" dir="1" index="0" bw="1" slack="2147483647"/>
</pin_list>
<bind>
<StgValue><ssdm name="_ssdm_op_SpecRegionBegin"/></StgValue>
</bind>
</comp>

<comp id="44" class="1001" name="const_44">
<pin_list>
<pin id="45" dir="1" index="0" bw="1" slack="2147483647"/>
</pin_list>
<bind>
<StgValue><ssdm name="_ssdm_op_SpecPipeline"/></StgValue>
</bind>
</comp>

<comp id="46" class="1001" name="const_46">
<pin_list>
<pin id="47" dir="1" index="0" bw="1" slack="2147483647"/>
</pin_list>
<bind>
<StgValue><ssdm name=""/></StgValue>
</bind>
</comp>

<comp id="48" class="1001" name="const_48">
<pin_list>
<pin id="49" dir="1" index="0" bw="1" slack="2147483647"/>
</pin_list>
<bind>
<StgValue><ssdm name=""/></StgValue>
</bind>
</comp>

<comp id="50" class="1001" name="const_50">
<pin_list>
<pin id="51" dir="1" index="0" bw="1" slack="2147483647"/>
</pin_list>
<bind>
<StgValue><ssdm name="p_str1"/></StgValue>
</bind>
</comp>

<comp id="52" class="1001" name="const_52">
<pin_list>
<pin id="53" dir="1" index="0" bw="1" slack="2147483647"/>
</pin_list>
<bind>
<StgValue><ssdm name="_ssdm_op_SpecRegionEnd"/></StgValue>
</bind>
</comp>

<comp id="54" class="1001" name="const_54">
<pin_list>
<pin id="55" dir="1" index="0" bw="1" slack="0"/>
</pin_list>
<bind>
<StgValue><ssdm name=""/></StgValue>
</bind>
</comp>

<comp id="56" class="1001" name="const_56">
<pin_list>
<pin id="57" dir="1" index="0" bw="1" slack="0"/>
</pin_list>
<bind>
<StgValue><ssdm name=""/></StgValue>
</bind>
</comp>

<comp id="58" class="1001" name="const_58">
<pin_list>
<pin id="59" dir="1" index="0" bw="1" slack="2147483647"/>
</pin_list>
<bind>
<StgValue><ssdm name=""/></StgValue>
</bind>
</comp>

<comp id="60" class="1001" name="const_60">
<pin_list>
<pin id="61" dir="1" index="0" bw="1" slack="0"/>
</pin_list>
<bind>
<StgValue><ssdm name="_ssdm_op_BitConcatenate.i9.i7.i2"/></StgValue>
</bind>
</comp>

<comp id="62" class="1001" name="const_62">
<pin_list>
<pin id="63" dir="1" index="0" bw="1" slack="0"/>
</pin_list>
<bind>
<StgValue><ssdm name=""/></StgValue>
</bind>
</comp>

<comp id="64" class="1001" name="const_64">
<pin_list>
<pin id="65" dir="1" index="0" bw="1" slack="0"/>
</pin_list>
<bind>
<StgValue><ssdm name=""/></StgValue>
</bind>
</comp>

<comp id="66" class="1001" name="const_66">
<pin_list>
<pin id="67" dir="1" index="0" bw="1" slack="2147483647"/>
</pin_list>
<bind>
<StgValue><ssdm name="p_str2"/></StgValue>
</bind>
</comp>

<comp id="68" class="1004" name="points_addr_gep_fu_68">
<pin_list>
<pin id="69" dir="0" index="0" bw="32" slack="0"/>
<pin id="70" dir="0" index="1" bw="1" slack="0"/>
<pin id="71" dir="0" index="2" bw="1" slack="0"/>
<pin id="72" dir="1" index="3" bw="9" slack="0"/>
</pin_list>
<bind>
<opcode="getelementptr(29) " fcode="getelementptr"/>
<opset="points_addr/1 "/>
</bind>
</comp>

<comp id="76" class="1004" name="grp_access_fu_76">
<pin_list>
<pin id="77" dir="0" index="0" bw="32" slack="0"/>
<pin id="78" dir="0" index="1" bw="32" slack="2147483647"/>
<pin id="79" dir="0" index="2" bw="0" slack="0"/>
<pin id="106" dir="0" index="4" bw="32" slack="0"/>
<pin id="107" dir="0" index="5" bw="32" slack="2147483647"/>
<pin id="108" dir="0" index="6" bw="0" slack="2147483647"/>
<pin id="80" dir="1" index="3" bw="32" slack="0"/>
<pin id="109" dir="1" index="7" bw="32" slack="0"/>
</pin_list>
<bind>
<opcode="load(27) store(28) " fcode="load"/>
<opset="query_load/1 query_load_1/2 query_load_2/2 StgValue_60/7 query_load_3/9 query_load_4/9 query_load_5/10 "/>
</bind>
</comp>

<comp id="82" class="1004" name="grp_access_fu_82">
<pin_list>
<pin id="83" dir="0" index="0" bw="9" slack="0"/>
<pin id="84" dir="0" index="1" bw="32" slack="2147483647"/>
<pin id="85" dir="0" index="2" bw="0" slack="0"/>
<pin id="111" dir="0" index="4" bw="9" slack="2147483647"/>
<pin id="112" dir="0" index="5" bw="32" slack="2147483647"/>
<pin id="113" dir="0" index="6" bw="0" slack="2147483647"/>
<pin id="86" dir="1" index="3" bw="32" slack="0"/>
<pin id="114" dir="1" index="7" bw="32" slack="0"/>
</pin_list>
<bind>
<opcode="load(27) " fcode="load"/>
<opset="points_load/1 points_load_1/2 points_load_2/2 points_load_3/9 points_load_4/9 points_load_5/10 "/>
</bind>
</comp>

<comp id="88" class="1004" name="points_addr_1_gep_fu_88">
<pin_list>
<pin id="89" dir="0" index="0" bw="32" slack="0"/>
<pin id="90" dir="0" index="1" bw="1" slack="0"/>
<pin id="91" dir="0" index="2" bw="2" slack="0"/>
<pin id="92" dir="1" index="3" bw="9" slack="0"/>
</pin_list>
<bind>
<opcode="getelementptr(29) " fcode="getelementptr"/>
<opset="points_addr_1/2 "/>
</bind>
</comp>

<comp id="96" class="1004" name="points_addr_2_gep_fu_96">
<pin_list>
<pin id="97" dir="0" index="0" bw="32" slack="0"/>
<pin id="98" dir="0" index="1" bw="1" slack="0"/>
<pin id="99" dir="0" index="2" bw="3" slack="0"/>
<pin id="100" dir="1" index="3" bw="9" slack="0"/>
</pin_list>
<bind>
<opcode="getelementptr(29) " fcode="getelementptr"/>
<opset="points_addr_2/2 "/>
</bind>
</comp>

<comp id="116" class="1004" name="result_addr_gep_fu_116">
<pin_list>
<pin id="117" dir="0" index="0" bw="32" slack="0"/>
<pin id="118" dir="0" index="1" bw="1" slack="0"/>
<pin id="119" dir="0" index="2" bw="1" slack="0"/>
<pin id="120" dir="1" index="3" bw="1" slack="0"/>
</pin_list>
<bind>
<opcode="getelementptr(29) " fcode="getelementptr"/>
<opset="result_addr/5 "/>
</bind>
</comp>

<comp id="124" class="1004" name="grp_access_fu_124">
<pin_list>
<pin id="125" dir="0" index="0" bw="1" slack="0"/>
<pin id="126" dir="0" index="1" bw="32" slack="0"/>
<pin id="127" dir="0" index="2" bw="0" slack="0"/>
<pin id="138" dir="0" index="4" bw="1" slack="0"/>
<pin id="139" dir="0" index="5" bw="32" slack="2147483647"/>
<pin id="140" dir="0" index="6" bw="0" slack="2147483647"/>
<pin id="128" dir="1" index="3" bw="32" slack="0"/>
<pin id="141" dir="1" index="7" bw="32" slack="2147483647"/>
</pin_list>
<bind>
<opcode="load(27) store(28) " fcode="store"/>
<opset="StgValue_43/5 StgValue_45/5 result_load/12 StgValue_109/13 StgValue_110/13 "/>
</bind>
</comp>

<comp id="130" class="1004" name="result_addr_1_gep_fu_130">
<pin_list>
<pin id="131" dir="0" index="0" bw="32" slack="0"/>
<pin id="132" dir="0" index="1" bw="1" slack="0"/>
<pin id="133" dir="0" index="2" bw="2" slack="0"/>
<pin id="134" dir="1" index="3" bw="1" slack="0"/>
</pin_list>
<bind>
<opcode="getelementptr(29) " fcode="getelementptr"/>
<opset="result_addr_1/5 "/>
</bind>
</comp>

<comp id="144" class="1004" name="q_addr_gep_fu_144">
<pin_list>
<pin id="145" dir="0" index="0" bw="32" slack="0"/>
<pin id="146" dir="0" index="1" bw="1" slack="0"/>
<pin id="147" dir="0" index="2" bw="2" slack="0"/>
<pin id="148" dir="1" index="3" bw="2" slack="0"/>
</pin_list>
<bind>
<opcode="getelementptr(29) " fcode="getelementptr"/>
<opset="q_addr/6 "/>
</bind>
</comp>

<comp id="151" class="1004" name="grp_access_fu_151">
<pin_list>
<pin id="152" dir="0" index="0" bw="2" slack="0"/>
<pin id="153" dir="0" index="1" bw="32" slack="2147483647"/>
<pin id="154" dir="0" index="2" bw="0" slack="2147483647"/>
<pin id="155" dir="1" index="3" bw="32" slack="0"/>
</pin_list>
<bind>
<opcode="load(27) " fcode="load"/>
<opset="q_load/6 "/>
</bind>
</comp>

<comp id="157" class="1004" name="query_addr_gep_fu_157">
<pin_list>
<pin id="158" dir="0" index="0" bw="32" slack="0"/>
<pin id="159" dir="0" index="1" bw="1" slack="0"/>
<pin id="160" dir="0" index="2" bw="2" slack="1"/>
<pin id="161" dir="1" index="3" bw="2" slack="0"/>
</pin_list>
<bind>
<opcode="getelementptr(29) " fcode="getelementptr"/>
<opset="query_addr/7 "/>
</bind>
</comp>

<comp id="166" class="1004" name="points_addr_3_gep_fu_166">
<pin_list>
<pin id="167" dir="0" index="0" bw="32" slack="0"/>
<pin id="168" dir="0" index="1" bw="1" slack="0"/>
<pin id="169" dir="0" index="2" bw="10" slack="0"/>
<pin id="170" dir="1" index="3" bw="9" slack="0"/>
</pin_list>
<bind>
<opcode="getelementptr(29) " fcode="getelementptr"/>
<opset="points_addr_3/9 "/>
</bind>
</comp>

<comp id="173" class="1004" name="points_addr_4_gep_fu_173">
<pin_list>
<pin id="174" dir="0" index="0" bw="32" slack="0"/>
<pin id="175" dir="0" index="1" bw="1" slack="0"/>
<pin id="176" dir="0" index="2" bw="10" slack="0"/>
<pin id="177" dir="1" index="3" bw="9" slack="0"/>
</pin_list>
<bind>
<opcode="getelementptr(29) " fcode="getelementptr"/>
<opset="points_addr_4/9 "/>
</bind>
</comp>

<comp id="183" class="1004" name="points_addr_5_gep_fu_183">
<pin_list>
<pin id="184" dir="0" index="0" bw="32" slack="0"/>
<pin id="185" dir="0" index="1" bw="1" slack="0"/>
<pin id="186" dir="0" index="2" bw="10" slack="0"/>
<pin id="187" dir="1" index="3" bw="9" slack="0"/>
</pin_list>
<bind>
<opcode="getelementptr(29) " fcode="getelementptr"/>
<opset="points_addr_5/10 "/>
</bind>
</comp>

<comp id="192" class="1005" name="i_i_reg_192">
<pin_list>
<pin id="193" dir="0" index="0" bw="2" slack="1"/>
<pin id="194" dir="1" index="1" bw="2" slack="1"/>
</pin_list>
<bind>
<opset="i_i (phireg) "/>
</bind>
</comp>

<comp id="196" class="1004" name="i_i_phi_fu_196">
<pin_list>
<pin id="197" dir="0" index="0" bw="1" slack="1"/>
<pin id="198" dir="0" index="1" bw="0" slack="2147483647"/>
<pin id="199" dir="0" index="2" bw="2" slack="0"/>
<pin id="200" dir="0" index="3" bw="0" slack="2147483647"/>
<pin id="201" dir="1" index="4" bw="2" slack="0"/>
</pin_list>
<bind>
<opcode="phi(47) " fcode="phi"/>
<opset="i_i/6 "/>
</bind>
</comp>

<comp id="203" class="1005" name="index_assign_reg_203">
<pin_list>
<pin id="204" dir="0" index="0" bw="7" slack="1"/>
<pin id="205" dir="1" index="1" bw="7" slack="1"/>
</pin_list>
<bind>
<opset="index_assign (phireg) "/>
</bind>
</comp>

<comp id="207" class="1004" name="index_assign_phi_fu_207">
<pin_list>
<pin id="208" dir="0" index="0" bw="7" slack="1"/>
<pin id="209" dir="0" index="1" bw="0" slack="2147483647"/>
<pin id="210" dir="0" index="2" bw="1" slack="1"/>
<pin id="211" dir="0" index="3" bw="0" slack="2147483647"/>
<pin id="212" dir="1" index="4" bw="7" slack="0"/>
</pin_list>
<bind>
<opcode="phi(47) " fcode="phi"/>
<opset="index_assign/9 "/>
</bind>
</comp>

<comp id="215" class="1004" name="grp_fu_215">
<pin_list>
<pin id="216" dir="0" index="0" bw="32" slack="0"/>
<pin id="217" dir="0" index="1" bw="32" slack="0"/>
<pin id="218" dir="1" index="2" bw="32" slack="1"/>
</pin_list>
<bind>
<opcode="sub(10) " fcode="sub"/>
<opset="tmp_i/2 tmp_4_i/3 "/>
</bind>
</comp>

<comp id="221" class="1004" name="grp_fu_221">
<pin_list>
<pin id="222" dir="0" index="0" bw="32" slack="0"/>
<pin id="223" dir="0" index="1" bw="32" slack="0"/>
<pin id="224" dir="1" index="2" bw="32" slack="1"/>
</pin_list>
<bind>
<opcode="sub(10) " fcode="sub"/>
<opset="tmp_i_i/10 tmp_6_i_i/11 "/>
</bind>
</comp>

<comp id="227" class="1005" name="reg_227">
<pin_list>
<pin id="228" dir="0" index="0" bw="32" slack="1"/>
<pin id="229" dir="1" index="1" bw="32" slack="1"/>
</pin_list>
<bind>
<opset="tmp_i_i tmp_6_i_i "/>
</bind>
</comp>

<comp id="231" class="1004" name="grp_fu_231">
<pin_list>
<pin id="232" dir="0" index="0" bw="32" slack="1"/>
<pin id="233" dir="0" index="1" bw="32" slack="1"/>
<pin id="234" dir="1" index="2" bw="32" slack="1"/>
</pin_list>
<bind>
<opcode="mul(12) " fcode="mul"/>
<opset="tmp_3_i_i/11 tmp_7_i_i/12 "/>
</bind>
</comp>

<comp id="237" class="1004" name="tmp_6_i_fu_237">
<pin_list>
<pin id="238" dir="0" index="0" bw="32" slack="0"/>
<pin id="239" dir="0" index="1" bw="32" slack="0"/>
<pin id="240" dir="1" index="2" bw="32" slack="1"/>
</pin_list>
<bind>
<opcode="sub(10) " fcode="sub"/>
<opset="tmp_6_i/3 "/>
</bind>
</comp>

<comp id="243" class="1004" name="tmp_3_i_fu_243">
<pin_list>
<pin id="244" dir="0" index="0" bw="32" slack="2"/>
<pin id="245" dir="0" index="1" bw="32" slack="2"/>
<pin id="246" dir="1" index="2" bw="32" slack="1"/>
</pin_list>
<bind>
<opcode="mul(12) " fcode="mul"/>
<opset="tmp_3_i/4 "/>
</bind>
</comp>

<comp id="247" class="1004" name="tmp_5_i_fu_247">
<pin_list>
<pin id="248" dir="0" index="0" bw="32" slack="1"/>
<pin id="249" dir="0" index="1" bw="32" slack="1"/>
<pin id="250" dir="1" index="2" bw="32" slack="1"/>
</pin_list>
<bind>
<opcode="mul(12) " fcode="mul"/>
<opset="tmp_5_i/4 "/>
</bind>
</comp>

<comp id="251" class="1004" name="tmp_7_i_fu_251">
<pin_list>
<pin id="252" dir="0" index="0" bw="32" slack="1"/>
<pin id="253" dir="0" index="1" bw="32" slack="1"/>
<pin id="254" dir="1" index="2" bw="32" slack="1"/>
</pin_list>
<bind>
<opcode="mul(12) " fcode="mul"/>
<opset="tmp_7_i/4 "/>
</bind>
</comp>

<comp id="255" class="1004" name="tmp_fu_255">
<pin_list>
<pin id="256" dir="0" index="0" bw="32" slack="1"/>
<pin id="257" dir="0" index="1" bw="32" slack="1"/>
<pin id="258" dir="1" index="2" bw="32" slack="0"/>
</pin_list>
<bind>
<opcode="add(8) " fcode="add"/>
<opset="tmp/5 "/>
</bind>
</comp>

<comp id="259" class="1004" name="tmp_9_i_fu_259">
<pin_list>
<pin id="260" dir="0" index="0" bw="32" slack="0"/>
<pin id="261" dir="0" index="1" bw="32" slack="1"/>
<pin id="262" dir="1" index="2" bw="32" slack="0"/>
</pin_list>
<bind>
<opcode="add(8) " fcode="add"/>
<opset="tmp_9_i/5 "/>
</bind>
</comp>

<comp id="265" class="1004" name="exitcond_i_fu_265">
<pin_list>
<pin id="266" dir="0" index="0" bw="2" slack="0"/>
<pin id="267" dir="0" index="1" bw="2" slack="0"/>
<pin id="268" dir="1" index="2" bw="1" slack="1"/>
</pin_list>
<bind>
<opcode="icmp(45) " fcode="icmp"/>
<opset="exitcond_i/6 "/>
</bind>
</comp>

<comp id="271" class="1004" name="i_fu_271">
<pin_list>
<pin id="272" dir="0" index="0" bw="2" slack="0"/>
<pin id="273" dir="0" index="1" bw="1" slack="0"/>
<pin id="274" dir="1" index="2" bw="2" slack="0"/>
</pin_list>
<bind>
<opcode="add(8) " fcode="add"/>
<opset="i/6 "/>
</bind>
</comp>

<comp id="277" class="1004" name="tmp_i7_fu_277">
<pin_list>
<pin id="278" dir="0" index="0" bw="2" slack="0"/>
<pin id="279" dir="1" index="1" bw="64" slack="0"/>
</pin_list>
<bind>
<opcode="zext(34) " fcode="zext"/>
<opset="tmp_i7/6 "/>
</bind>
</comp>

<comp id="282" class="1004" name="exitcond_fu_282">
<pin_list>
<pin id="283" dir="0" index="0" bw="7" slack="0"/>
<pin id="284" dir="0" index="1" bw="7" slack="0"/>
<pin id="285" dir="1" index="2" bw="1" slack="1"/>
</pin_list>
<bind>
<opcode="icmp(45) " fcode="icmp"/>
<opset="exitcond/9 "/>
</bind>
</comp>

<comp id="288" class="1004" name="tmp_1_cast_fu_288">
<pin_list>
<pin id="289" dir="0" index="0" bw="7" slack="0"/>
<pin id="290" dir="1" index="1" bw="10" slack="0"/>
</pin_list>
<bind>
<opcode="zext(34) " fcode="zext"/>
<opset="tmp_1_cast/9 "/>
</bind>
</comp>

<comp id="292" class="1004" name="tmp_3_fu_292">
<pin_list>
<pin id="293" dir="0" index="0" bw="9" slack="0"/>
<pin id="294" dir="0" index="1" bw="7" slack="0"/>
<pin id="295" dir="0" index="2" bw="1" slack="0"/>
<pin id="296" dir="1" index="3" bw="9" slack="0"/>
</pin_list>
<bind>
<opcode="bitconcatenate(1004) " fcode="bitconcatenate"/>
<opset="tmp_3/9 "/>
</bind>
</comp>

<comp id="300" class="1004" name="p_shl_cast_fu_300">
<pin_list>
<pin id="301" dir="0" index="0" bw="9" slack="0"/>
<pin id="302" dir="1" index="1" bw="10" slack="0"/>
</pin_list>
<bind>
<opcode="zext(34) " fcode="zext"/>
<opset="p_shl_cast/9 "/>
</bind>
</comp>

<comp id="304" class="1004" name="tmp_4_fu_304">
<pin_list>
<pin id="305" dir="0" index="0" bw="9" slack="0"/>
<pin id="306" dir="0" index="1" bw="7" slack="0"/>
<pin id="307" dir="1" index="2" bw="10" slack="0"/>
</pin_list>
<bind>
<opcode="sub(10) " fcode="sub"/>
<opset="tmp_4/9 "/>
</bind>
</comp>

<comp id="310" class="1004" name="tmp_4_cast_fu_310">
<pin_list>
<pin id="311" dir="0" index="0" bw="10" slack="0"/>
<pin id="312" dir="1" index="1" bw="64" slack="0"/>
</pin_list>
<bind>
<opcode="sext(35) " fcode="sext"/>
<opset="tmp_4_cast/9 "/>
</bind>
</comp>

<comp id="315" class="1004" name="tmp_5_fu_315">
<pin_list>
<pin id="316" dir="0" index="0" bw="10" slack="0"/>
<pin id="317" dir="0" index="1" bw="1" slack="0"/>
<pin id="318" dir="1" index="2" bw="10" slack="0"/>
</pin_list>
<bind>
<opcode="add(8) " fcode="add"/>
<opset="tmp_5/9 "/>
</bind>
</comp>

<comp id="321" class="1004" name="tmp_5_cast_fu_321">
<pin_list>
<pin id="322" dir="0" index="0" bw="10" slack="0"/>
<pin id="323" dir="1" index="1" bw="64" slack="0"/>
</pin_list>
<bind>
<opcode="sext(35) " fcode="sext"/>
<opset="tmp_5_cast/9 "/>
</bind>
</comp>

<comp id="326" class="1004" name="tmp_6_fu_326">
<pin_list>
<pin id="327" dir="0" index="0" bw="10" slack="1"/>
<pin id="328" dir="0" index="1" bw="3" slack="0"/>
<pin id="329" dir="1" index="2" bw="10" slack="0"/>
</pin_list>
<bind>
<opcode="add(8) " fcode="add"/>
<opset="tmp_6/10 "/>
</bind>
</comp>

<comp id="331" class="1004" name="tmp_6_cast_fu_331">
<pin_list>
<pin id="332" dir="0" index="0" bw="10" slack="0"/>
<pin id="333" dir="1" index="1" bw="64" slack="0"/>
</pin_list>
<bind>
<opcode="sext(35) " fcode="sext"/>
<opset="tmp_6_cast/10 "/>
</bind>
</comp>

<comp id="336" class="1004" name="tmp_4_i_i_fu_336">
<pin_list>
<pin id="337" dir="0" index="0" bw="32" slack="0"/>
<pin id="338" dir="0" index="1" bw="32" slack="0"/>
<pin id="339" dir="1" index="2" bw="32" slack="1"/>
</pin_list>
<bind>
<opcode="sub(10) " fcode="sub"/>
<opset="tmp_4_i_i/10 "/>
</bind>
</comp>

<comp id="342" class="1004" name="i_1_fu_342">
<pin_list>
<pin id="343" dir="0" index="0" bw="7" slack="1"/>
<pin id="344" dir="0" index="1" bw="1" slack="0"/>
<pin id="345" dir="1" index="2" bw="7" slack="1"/>
</pin_list>
<bind>
<opcode="add(8) " fcode="add"/>
<opset="i_1/10 "/>
</bind>
</comp>

<comp id="348" class="1004" name="tmp_5_i_i_fu_348">
<pin_list>
<pin id="349" dir="0" index="0" bw="32" slack="1"/>
<pin id="350" dir="0" index="1" bw="32" slack="1"/>
<pin id="351" dir="1" index="2" bw="32" slack="2"/>
</pin_list>
<bind>
<opcode="mul(12) " fcode="mul"/>
<opset="tmp_5_i_i/11 "/>
</bind>
</comp>

<comp id="352" class="1004" name="index_assign_cast2_fu_352">
<pin_list>
<pin id="353" dir="0" index="0" bw="7" slack="4"/>
<pin id="354" dir="1" index="1" bw="32" slack="0"/>
</pin_list>
<bind>
<opcode="zext(34) " fcode="zext"/>
<opset="index_assign_cast2/13 "/>
</bind>
</comp>

<comp id="357" class="1004" name="tmp1_fu_357">
<pin_list>
<pin id="358" dir="0" index="0" bw="32" slack="1"/>
<pin id="359" dir="0" index="1" bw="32" slack="2"/>
<pin id="360" dir="1" index="2" bw="32" slack="0"/>
</pin_list>
<bind>
<opcode="add(8) " fcode="add"/>
<opset="tmp1/13 "/>
</bind>
</comp>

<comp id="361" class="1004" name="distance_fu_361">
<pin_list>
<pin id="362" dir="0" index="0" bw="32" slack="2"/>
<pin id="363" dir="0" index="1" bw="32" slack="0"/>
<pin id="364" dir="1" index="2" bw="32" slack="0"/>
</pin_list>
<bind>
<opcode="add(8) " fcode="add"/>
<opset="distance/13 "/>
</bind>
</comp>

<comp id="367" class="1004" name="tmp_i9_fu_367">
<pin_list>
<pin id="368" dir="0" index="0" bw="32" slack="0"/>
<pin id="369" dir="0" index="1" bw="32" slack="0"/>
<pin id="370" dir="1" index="2" bw="1" slack="2147483647"/>
</pin_list>
<bind>
<opcode="icmp(45) " fcode="icmp"/>
<opset="tmp_i9/13 "/>
</bind>
</comp>

<comp id="373" class="1005" name="points_addr_reg_373">
<pin_list>
<pin id="374" dir="0" index="0" bw="9" slack="1"/>
<pin id="375" dir="1" index="1" bw="9" slack="1"/>
</pin_list>
<bind>
<opset="points_addr "/>
</bind>
</comp>

<comp id="378" class="1005" name="points_addr_1_reg_378">
<pin_list>
<pin id="379" dir="0" index="0" bw="9" slack="1"/>
<pin id="380" dir="1" index="1" bw="9" slack="1"/>
</pin_list>
<bind>
<opset="points_addr_1 "/>
</bind>
</comp>

<comp id="383" class="1005" name="points_addr_2_reg_383">
<pin_list>
<pin id="384" dir="0" index="0" bw="9" slack="1"/>
<pin id="385" dir="1" index="1" bw="9" slack="1"/>
</pin_list>
<bind>
<opset="points_addr_2 "/>
</bind>
</comp>

<comp id="388" class="1005" name="tmp_i_reg_388">
<pin_list>
<pin id="389" dir="0" index="0" bw="32" slack="2"/>
<pin id="390" dir="1" index="1" bw="32" slack="2"/>
</pin_list>
<bind>
<opset="tmp_i "/>
</bind>
</comp>

<comp id="394" class="1005" name="tmp_4_i_reg_394">
<pin_list>
<pin id="395" dir="0" index="0" bw="32" slack="1"/>
<pin id="396" dir="1" index="1" bw="32" slack="1"/>
</pin_list>
<bind>
<opset="tmp_4_i "/>
</bind>
</comp>

<comp id="400" class="1005" name="tmp_6_i_reg_400">
<pin_list>
<pin id="401" dir="0" index="0" bw="32" slack="1"/>
<pin id="402" dir="1" index="1" bw="32" slack="1"/>
</pin_list>
<bind>
<opset="tmp_6_i "/>
</bind>
</comp>

<comp id="406" class="1005" name="tmp_3_i_reg_406">
<pin_list>
<pin id="407" dir="0" index="0" bw="32" slack="1"/>
<pin id="408" dir="1" index="1" bw="32" slack="1"/>
</pin_list>
<bind>
<opset="tmp_3_i "/>
</bind>
</comp>

<comp id="411" class="1005" name="tmp_5_i_reg_411">
<pin_list>
<pin id="412" dir="0" index="0" bw="32" slack="1"/>
<pin id="413" dir="1" index="1" bw="32" slack="1"/>
</pin_list>
<bind>
<opset="tmp_5_i "/>
</bind>
</comp>

<comp id="416" class="1005" name="tmp_7_i_reg_416">
<pin_list>
<pin id="417" dir="0" index="0" bw="32" slack="1"/>
<pin id="418" dir="1" index="1" bw="32" slack="1"/>
</pin_list>
<bind>
<opset="tmp_7_i "/>
</bind>
</comp>

<comp id="421" class="1005" name="result_addr_reg_421">
<pin_list>
<pin id="422" dir="0" index="0" bw="1" slack="6"/>
<pin id="423" dir="1" index="1" bw="1" slack="6"/>
</pin_list>
<bind>
<opset="result_addr "/>
</bind>
</comp>

<comp id="426" class="1005" name="result_addr_1_reg_426">
<pin_list>
<pin id="427" dir="0" index="0" bw="1" slack="7"/>
<pin id="428" dir="1" index="1" bw="1" slack="7"/>
</pin_list>
<bind>
<opset="result_addr_1 "/>
</bind>
</comp>

<comp id="431" class="1005" name="exitcond_i_reg_431">
<pin_list>
<pin id="432" dir="0" index="0" bw="1" slack="1"/>
<pin id="433" dir="1" index="1" bw="1" slack="2147483647"/>
</pin_list>
<bind>
<opset="exitcond_i "/>
</bind>
</comp>

<comp id="435" class="1005" name="i_reg_435">
<pin_list>
<pin id="436" dir="0" index="0" bw="2" slack="0"/>
<pin id="437" dir="1" index="1" bw="2" slack="0"/>
</pin_list>
<bind>
<opset="i "/>
</bind>
</comp>

<comp id="440" class="1005" name="tmp_i7_reg_440">
<pin_list>
<pin id="441" dir="0" index="0" bw="64" slack="1"/>
<pin id="442" dir="1" index="1" bw="64" slack="1"/>
</pin_list>
<bind>
<opset="tmp_i7 "/>
</bind>
</comp>

<comp id="445" class="1005" name="q_addr_reg_445">
<pin_list>
<pin id="446" dir="0" index="0" bw="2" slack="1"/>
<pin id="447" dir="1" index="1" bw="2" slack="1"/>
</pin_list>
<bind>
<opset="q_addr "/>
</bind>
</comp>

<comp id="450" class="1005" name="exitcond_reg_450">
<pin_list>
<pin id="451" dir="0" index="0" bw="1" slack="1"/>
<pin id="452" dir="1" index="1" bw="1" slack="2147483647"/>
</pin_list>
<bind>
<opset="exitcond "/>
</bind>
</comp>

<comp id="454" class="1005" name="tmp_4_reg_454">
<pin_list>
<pin id="455" dir="0" index="0" bw="10" slack="1"/>
<pin id="456" dir="1" index="1" bw="10" slack="1"/>
</pin_list>
<bind>
<opset="tmp_4 "/>
</bind>
</comp>

<comp id="459" class="1005" name="points_addr_3_reg_459">
<pin_list>
<pin id="460" dir="0" index="0" bw="9" slack="1"/>
<pin id="461" dir="1" index="1" bw="9" slack="1"/>
</pin_list>
<bind>
<opset="points_addr_3 "/>
</bind>
</comp>

<comp id="464" class="1005" name="points_addr_4_reg_464">
<pin_list>
<pin id="465" dir="0" index="0" bw="9" slack="1"/>
<pin id="466" dir="1" index="1" bw="9" slack="1"/>
</pin_list>
<bind>
<opset="points_addr_4 "/>
</bind>
</comp>

<comp id="469" class="1005" name="points_addr_5_reg_469">
<pin_list>
<pin id="470" dir="0" index="0" bw="9" slack="1"/>
<pin id="471" dir="1" index="1" bw="9" slack="1"/>
</pin_list>
<bind>
<opset="points_addr_5 "/>
</bind>
</comp>

<comp id="474" class="1005" name="tmp_4_i_i_reg_474">
<pin_list>
<pin id="475" dir="0" index="0" bw="32" slack="1"/>
<pin id="476" dir="1" index="1" bw="32" slack="1"/>
</pin_list>
<bind>
<opset="tmp_4_i_i "/>
</bind>
</comp>

<comp id="480" class="1005" name="i_1_reg_480">
<pin_list>
<pin id="481" dir="0" index="0" bw="7" slack="1"/>
<pin id="482" dir="1" index="1" bw="7" slack="1"/>
</pin_list>
<bind>
<opset="i_1 "/>
</bind>
</comp>

<comp id="485" class="1005" name="tmp_3_i_i_reg_485">
<pin_list>
<pin id="486" dir="0" index="0" bw="32" slack="2"/>
<pin id="487" dir="1" index="1" bw="32" slack="2"/>
</pin_list>
<bind>
<opset="tmp_3_i_i "/>
</bind>
</comp>

<comp id="490" class="1005" name="tmp_5_i_i_reg_490">
<pin_list>
<pin id="491" dir="0" index="0" bw="32" slack="2"/>
<pin id="492" dir="1" index="1" bw="32" slack="2"/>
</pin_list>
<bind>
<opset="tmp_5_i_i "/>
</bind>
</comp>

<comp id="495" class="1005" name="tmp_7_i_i_reg_495">
<pin_list>
<pin id="496" dir="0" index="0" bw="32" slack="1"/>
<pin id="497" dir="1" index="1" bw="32" slack="1"/>
</pin_list>
<bind>
<opset="tmp_7_i_i "/>
</bind>
</comp>

</comp_list>

<net_list>
<net id="73"><net_src comp="0" pin="0"/><net_sink comp="68" pin=0"/></net>

<net id="74"><net_src comp="8" pin="0"/><net_sink comp="68" pin=1"/></net>

<net id="75"><net_src comp="8" pin="0"/><net_sink comp="68" pin=2"/></net>

<net id="81"><net_src comp="10" pin="0"/><net_sink comp="76" pin=0"/></net>

<net id="87"><net_src comp="68" pin="3"/><net_sink comp="82" pin=0"/></net>

<net id="93"><net_src comp="0" pin="0"/><net_sink comp="88" pin=0"/></net>

<net id="94"><net_src comp="8" pin="0"/><net_sink comp="88" pin=1"/></net>

<net id="95"><net_src comp="12" pin="0"/><net_sink comp="88" pin=2"/></net>

<net id="101"><net_src comp="0" pin="0"/><net_sink comp="96" pin=0"/></net>

<net id="102"><net_src comp="8" pin="0"/><net_sink comp="96" pin=1"/></net>

<net id="103"><net_src comp="14" pin="0"/><net_sink comp="96" pin=2"/></net>

<net id="104"><net_src comp="16" pin="0"/><net_sink comp="76" pin=0"/></net>

<net id="105"><net_src comp="88" pin="3"/><net_sink comp="82" pin=0"/></net>

<net id="110"><net_src comp="18" pin="0"/><net_sink comp="76" pin=2"/></net>

<net id="115"><net_src comp="96" pin="3"/><net_sink comp="82" pin=2"/></net>

<net id="121"><net_src comp="4" pin="0"/><net_sink comp="116" pin=0"/></net>

<net id="122"><net_src comp="8" pin="0"/><net_sink comp="116" pin=1"/></net>

<net id="123"><net_src comp="8" pin="0"/><net_sink comp="116" pin=2"/></net>

<net id="129"><net_src comp="116" pin="3"/><net_sink comp="124" pin=0"/></net>

<net id="135"><net_src comp="4" pin="0"/><net_sink comp="130" pin=0"/></net>

<net id="136"><net_src comp="8" pin="0"/><net_sink comp="130" pin=1"/></net>

<net id="137"><net_src comp="12" pin="0"/><net_sink comp="130" pin=2"/></net>

<net id="142"><net_src comp="26" pin="0"/><net_sink comp="124" pin=4"/></net>

<net id="143"><net_src comp="130" pin="3"/><net_sink comp="124" pin=2"/></net>

<net id="149"><net_src comp="2" pin="0"/><net_sink comp="144" pin=0"/></net>

<net id="150"><net_src comp="8" pin="0"/><net_sink comp="144" pin=1"/></net>

<net id="156"><net_src comp="144" pin="3"/><net_sink comp="151" pin=0"/></net>

<net id="162"><net_src comp="6" pin="0"/><net_sink comp="157" pin=0"/></net>

<net id="163"><net_src comp="8" pin="0"/><net_sink comp="157" pin=1"/></net>

<net id="164"><net_src comp="151" pin="3"/><net_sink comp="76" pin=4"/></net>

<net id="165"><net_src comp="157" pin="3"/><net_sink comp="76" pin=2"/></net>

<net id="171"><net_src comp="0" pin="0"/><net_sink comp="166" pin=0"/></net>

<net id="172"><net_src comp="8" pin="0"/><net_sink comp="166" pin=1"/></net>

<net id="178"><net_src comp="0" pin="0"/><net_sink comp="173" pin=0"/></net>

<net id="179"><net_src comp="8" pin="0"/><net_sink comp="173" pin=1"/></net>

<net id="180"><net_src comp="166" pin="3"/><net_sink comp="82" pin=2"/></net>

<net id="181"><net_src comp="16" pin="0"/><net_sink comp="76" pin=2"/></net>

<net id="182"><net_src comp="173" pin="3"/><net_sink comp="82" pin=0"/></net>

<net id="188"><net_src comp="0" pin="0"/><net_sink comp="183" pin=0"/></net>

<net id="189"><net_src comp="8" pin="0"/><net_sink comp="183" pin=1"/></net>

<net id="190"><net_src comp="18" pin="0"/><net_sink comp="76" pin=0"/></net>

<net id="191"><net_src comp="183" pin="3"/><net_sink comp="82" pin=2"/></net>

<net id="195"><net_src comp="28" pin="0"/><net_sink comp="192" pin=0"/></net>

<net id="202"><net_src comp="192" pin="1"/><net_sink comp="196" pin=0"/></net>

<net id="206"><net_src comp="54" pin="0"/><net_sink comp="203" pin=0"/></net>

<net id="213"><net_src comp="203" pin="1"/><net_sink comp="207" pin=2"/></net>

<net id="214"><net_src comp="207" pin="4"/><net_sink comp="203" pin=0"/></net>

<net id="219"><net_src comp="76" pin="3"/><net_sink comp="215" pin=0"/></net>

<net id="220"><net_src comp="82" pin="3"/><net_sink comp="215" pin=1"/></net>

<net id="225"><net_src comp="76" pin="3"/><net_sink comp="221" pin=0"/></net>

<net id="226"><net_src comp="82" pin="7"/><net_sink comp="221" pin=1"/></net>

<net id="230"><net_src comp="221" pin="2"/><net_sink comp="227" pin=0"/></net>

<net id="235"><net_src comp="227" pin="1"/><net_sink comp="231" pin=0"/></net>

<net id="236"><net_src comp="227" pin="1"/><net_sink comp="231" pin=1"/></net>

<net id="241"><net_src comp="76" pin="7"/><net_sink comp="237" pin=0"/></net>

<net id="242"><net_src comp="82" pin="7"/><net_sink comp="237" pin=1"/></net>

<net id="263"><net_src comp="255" pin="2"/><net_sink comp="259" pin=0"/></net>

<net id="264"><net_src comp="259" pin="2"/><net_sink comp="124" pin=1"/></net>

<net id="269"><net_src comp="196" pin="4"/><net_sink comp="265" pin=0"/></net>

<net id="270"><net_src comp="30" pin="0"/><net_sink comp="265" pin=1"/></net>

<net id="275"><net_src comp="196" pin="4"/><net_sink comp="271" pin=0"/></net>

<net id="276"><net_src comp="36" pin="0"/><net_sink comp="271" pin=1"/></net>

<net id="280"><net_src comp="196" pin="4"/><net_sink comp="277" pin=0"/></net>

<net id="281"><net_src comp="277" pin="1"/><net_sink comp="144" pin=2"/></net>

<net id="286"><net_src comp="207" pin="4"/><net_sink comp="282" pin=0"/></net>

<net id="287"><net_src comp="56" pin="0"/><net_sink comp="282" pin=1"/></net>

<net id="291"><net_src comp="207" pin="4"/><net_sink comp="288" pin=0"/></net>

<net id="297"><net_src comp="60" pin="0"/><net_sink comp="292" pin=0"/></net>

<net id="298"><net_src comp="207" pin="4"/><net_sink comp="292" pin=1"/></net>

<net id="299"><net_src comp="28" pin="0"/><net_sink comp="292" pin=2"/></net>

<net id="303"><net_src comp="292" pin="3"/><net_sink comp="300" pin=0"/></net>

<net id="308"><net_src comp="300" pin="1"/><net_sink comp="304" pin=0"/></net>

<net id="309"><net_src comp="288" pin="1"/><net_sink comp="304" pin=1"/></net>

<net id="313"><net_src comp="304" pin="2"/><net_sink comp="310" pin=0"/></net>

<net id="314"><net_src comp="310" pin="1"/><net_sink comp="166" pin=2"/></net>

<net id="319"><net_src comp="304" pin="2"/><net_sink comp="315" pin=0"/></net>

<net id="320"><net_src comp="62" pin="0"/><net_sink comp="315" pin=1"/></net>

<net id="324"><net_src comp="315" pin="2"/><net_sink comp="321" pin=0"/></net>

<net id="325"><net_src comp="321" pin="1"/><net_sink comp="173" pin=2"/></net>

<net id="330"><net_src comp="64" pin="0"/><net_sink comp="326" pin=1"/></net>

<net id="334"><net_src comp="326" pin="2"/><net_sink comp="331" pin=0"/></net>

<net id="335"><net_src comp="331" pin="1"/><net_sink comp="183" pin=2"/></net>

<net id="340"><net_src comp="76" pin="7"/><net_sink comp="336" pin=0"/></net>

<net id="341"><net_src comp="82" pin="3"/><net_sink comp="336" pin=1"/></net>

<net id="346"><net_src comp="203" pin="1"/><net_sink comp="342" pin=0"/></net>

<net id="347"><net_src comp="54" pin="0"/><net_sink comp="342" pin=1"/></net>

<net id="355"><net_src comp="203" pin="1"/><net_sink comp="352" pin=0"/></net>

<net id="356"><net_src comp="352" pin="1"/><net_sink comp="124" pin=4"/></net>

<net id="365"><net_src comp="357" pin="2"/><net_sink comp="361" pin=1"/></net>

<net id="366"><net_src comp="361" pin="2"/><net_sink comp="124" pin=1"/></net>

<net id="371"><net_src comp="361" pin="2"/><net_sink comp="367" pin=0"/></net>

<net id="372"><net_src comp="124" pin="3"/><net_sink comp="367" pin=1"/></net>

<net id="376"><net_src comp="68" pin="3"/><net_sink comp="373" pin=0"/></net>

<net id="377"><net_src comp="373" pin="1"/><net_sink comp="82" pin=0"/></net>

<net id="381"><net_src comp="88" pin="3"/><net_sink comp="378" pin=0"/></net>

<net id="382"><net_src comp="378" pin="1"/><net_sink comp="82" pin=0"/></net>

<net id="386"><net_src comp="96" pin="3"/><net_sink comp="383" pin=0"/></net>

<net id="387"><net_src comp="383" pin="1"/><net_sink comp="82" pin=2"/></net>

<net id="391"><net_src comp="215" pin="2"/><net_sink comp="388" pin=0"/></net>

<net id="392"><net_src comp="388" pin="1"/><net_sink comp="243" pin=0"/></net>

<net id="393"><net_src comp="388" pin="1"/><net_sink comp="243" pin=1"/></net>

<net id="397"><net_src comp="215" pin="2"/><net_sink comp="394" pin=0"/></net>

<net id="398"><net_src comp="394" pin="1"/><net_sink comp="247" pin=0"/></net>

<net id="399"><net_src comp="394" pin="1"/><net_sink comp="247" pin=1"/></net>

<net id="403"><net_src comp="237" pin="2"/><net_sink comp="400" pin=0"/></net>

<net id="404"><net_src comp="400" pin="1"/><net_sink comp="251" pin=0"/></net>

<net id="405"><net_src comp="400" pin="1"/><net_sink comp="251" pin=1"/></net>

<net id="409"><net_src comp="243" pin="2"/><net_sink comp="406" pin=0"/></net>

<net id="410"><net_src comp="406" pin="1"/><net_sink comp="255" pin=0"/></net>

<net id="414"><net_src comp="247" pin="2"/><net_sink comp="411" pin=0"/></net>

<net id="415"><net_src comp="411" pin="1"/><net_sink comp="259" pin=1"/></net>

<net id="419"><net_src comp="251" pin="2"/><net_sink comp="416" pin=0"/></net>

<net id="420"><net_src comp="416" pin="1"/><net_sink comp="255" pin=1"/></net>

<net id="424"><net_src comp="116" pin="3"/><net_sink comp="421" pin=0"/></net>

<net id="425"><net_src comp="421" pin="1"/><net_sink comp="124" pin=0"/></net>

<net id="429"><net_src comp="130" pin="3"/><net_sink comp="426" pin=0"/></net>

<net id="430"><net_src comp="426" pin="1"/><net_sink comp="124" pin=2"/></net>

<net id="434"><net_src comp="265" pin="2"/><net_sink comp="431" pin=0"/></net>

<net id="438"><net_src comp="271" pin="2"/><net_sink comp="435" pin=0"/></net>

<net id="439"><net_src comp="435" pin="1"/><net_sink comp="196" pin=2"/></net>

<net id="443"><net_src comp="277" pin="1"/><net_sink comp="440" pin=0"/></net>

<net id="444"><net_src comp="440" pin="1"/><net_sink comp="157" pin=2"/></net>

<net id="448"><net_src comp="144" pin="3"/><net_sink comp="445" pin=0"/></net>

<net id="449"><net_src comp="445" pin="1"/><net_sink comp="151" pin=0"/></net>

<net id="453"><net_src comp="282" pin="2"/><net_sink comp="450" pin=0"/></net>

<net id="457"><net_src comp="304" pin="2"/><net_sink comp="454" pin=0"/></net>

<net id="458"><net_src comp="454" pin="1"/><net_sink comp="326" pin=0"/></net>

<net id="462"><net_src comp="166" pin="3"/><net_sink comp="459" pin=0"/></net>

<net id="463"><net_src comp="459" pin="1"/><net_sink comp="82" pin=2"/></net>

<net id="467"><net_src comp="173" pin="3"/><net_sink comp="464" pin=0"/></net>

<net id="468"><net_src comp="464" pin="1"/><net_sink comp="82" pin=0"/></net>

<net id="472"><net_src comp="183" pin="3"/><net_sink comp="469" pin=0"/></net>

<net id="473"><net_src comp="469" pin="1"/><net_sink comp="82" pin=2"/></net>

<net id="477"><net_src comp="336" pin="2"/><net_sink comp="474" pin=0"/></net>

<net id="478"><net_src comp="474" pin="1"/><net_sink comp="348" pin=0"/></net>

<net id="479"><net_src comp="474" pin="1"/><net_sink comp="348" pin=1"/></net>

<net id="483"><net_src comp="342" pin="2"/><net_sink comp="480" pin=0"/></net>

<net id="484"><net_src comp="480" pin="1"/><net_sink comp="207" pin=0"/></net>

<net id="488"><net_src comp="231" pin="2"/><net_sink comp="485" pin=0"/></net>

<net id="489"><net_src comp="485" pin="1"/><net_sink comp="357" pin=1"/></net>

<net id="493"><net_src comp="348" pin="2"/><net_sink comp="490" pin=0"/></net>

<net id="494"><net_src comp="490" pin="1"/><net_sink comp="361" pin=0"/></net>

<net id="498"><net_src comp="231" pin="2"/><net_sink comp="495" pin=0"/></net>

<net id="499"><net_src comp="495" pin="1"/><net_sink comp="357" pin=0"/></net>

</net_list>

</model> 
---------------- Datapath Model END ------------------

* FSMD analyzer results:
  - Output states:
	Port: result | {5 13 }
	Port: query | {7 }
 - Input state : 
	Port: execute : points | {1 2 3 9 10 11 }
	Port: execute : q | {6 7 }
	Port: execute : result | {12 13 }
	Port: execute : query | {1 2 3 9 10 11 }
  - Chain level:
	State 1
		points_load : 1
	State 2
		tmp_i : 1
		points_load_1 : 1
		points_load_2 : 1
	State 3
		tmp_4_i : 1
		tmp_6_i : 1
	State 4
	State 5
		tmp_9_i : 1
		StgValue_43 : 2
		StgValue_45 : 1
	State 6
		exitcond_i : 1
		i : 1
		StgValue_51 : 2
		tmp_i7 : 1
		q_addr : 2
		q_load : 3
	State 7
		StgValue_60 : 1
		empty_2 : 1
	State 8
	State 9
		exitcond : 1
		StgValue_67 : 2
		tmp_1_cast : 1
		tmp_3 : 1
		p_shl_cast : 2
		tmp_4 : 3
		tmp_4_cast : 4
		points_addr_3 : 5
		tmp_5 : 4
		tmp_5_cast : 5
		points_addr_4 : 6
		points_load_3 : 6
		points_load_4 : 7
	State 10
		tmp_6_cast : 1
		points_addr_5 : 2
		tmp_i_i : 1
		tmp_4_i_i : 1
		points_load_5 : 3
	State 11
		tmp_6_i_i : 1
	State 12
	State 13
		distance : 1
		tmp_i9 : 2
		StgValue_108 : 3
		StgValue_109 : 2
		StgValue_110 : 1
		empty_4 : 1
	State 14


============================================================
+ Verbose Summary: Datapath Resource usage 
============================================================

* Functional unit list:
|----------|---------------------------|---------|---------|---------|
| Operation|      Functional Unit      |  DSP48E |    FF   |   LUT   |
|----------|---------------------------|---------|---------|---------|
|          |         tmp_fu_255        |    0    |    0    |    32   |
|          |       tmp_9_i_fu_259      |    0    |    0    |    32   |
|          |          i_fu_271         |    0    |    0    |    10   |
|    add   |        tmp_5_fu_315       |    0    |    0    |    14   |
|          |        tmp_6_fu_326       |    0    |    0    |    14   |
|          |         i_1_fu_342        |    0    |    0    |    15   |
|          |        tmp1_fu_357        |    0    |    0    |    32   |
|          |      distance_fu_361      |    0    |    0    |    32   |
|----------|---------------------------|---------|---------|---------|
|          |         grp_fu_215        |    0    |    0    |    39   |
|          |         grp_fu_221        |    0    |    0    |    39   |
|    sub   |       tmp_6_i_fu_237      |    0    |    0    |    39   |
|          |        tmp_4_fu_304       |    0    |    0    |    15   |
|          |      tmp_4_i_i_fu_336     |    0    |    0    |    39   |
|----------|---------------------------|---------|---------|---------|
|          |         grp_fu_231        |    3    |    0    |    20   |
|          |       tmp_3_i_fu_243      |    3    |    0    |    20   |
|    mul   |       tmp_5_i_fu_247      |    3    |    0    |    20   |
|          |       tmp_7_i_fu_251      |    3    |    0    |    20   |
|          |      tmp_5_i_i_fu_348     |    3    |    0    |    20   |
|----------|---------------------------|---------|---------|---------|
|          |     exitcond_i_fu_265     |    0    |    0    |    8    |
|   icmp   |      exitcond_fu_282      |    0    |    0    |    11   |
|          |       tmp_i9_fu_367       |    0    |    0    |    18   |
|----------|---------------------------|---------|---------|---------|
|          |       tmp_i7_fu_277       |    0    |    0    |    0    |
|   zext   |     tmp_1_cast_fu_288     |    0    |    0    |    0    |
|          |     p_shl_cast_fu_300     |    0    |    0    |    0    |
|          | index_assign_cast2_fu_352 |    0    |    0    |    0    |
|----------|---------------------------|---------|---------|---------|
|bitconcatenate|        tmp_3_fu_292       |    0    |    0    |    0    |
|----------|---------------------------|---------|---------|---------|
|          |     tmp_4_cast_fu_310     |    0    |    0    |    0    |
|   sext   |     tmp_5_cast_fu_321     |    0    |    0    |    0    |
|          |     tmp_6_cast_fu_331     |    0    |    0    |    0    |
|----------|---------------------------|---------|---------|---------|
|   Total  |                           |    15   |    0    |   489   |
|----------|---------------------------|---------|---------|---------|

Memories:
+-----+--------+--------+--------+
|     |  BRAM  |   FF   |   LUT  |
+-----+--------+--------+--------+
|query|    0   |   64   |    2   |
+-----+--------+--------+--------+
|Total|    0   |   64   |    2   |
+-----+--------+--------+--------+

* Register list:
+---------------------+--------+
|                     |   FF   |
+---------------------+--------+
|  exitcond_i_reg_431 |    1   |
|   exitcond_reg_450  |    1   |
|     i_1_reg_480     |    7   |
|     i_i_reg_192     |    2   |
|      i_reg_435      |    2   |
| index_assign_reg_203|    7   |
|points_addr_1_reg_378|    9   |
|points_addr_2_reg_383|    9   |
|points_addr_3_reg_459|    9   |
|points_addr_4_reg_464|    9   |
|points_addr_5_reg_469|    9   |
| points_addr_reg_373 |    9   |
|    q_addr_reg_445   |    2   |
|       reg_227       |   32   |
|result_addr_1_reg_426|    1   |
| result_addr_reg_421 |    1   |
|  tmp_3_i_i_reg_485  |   32   |
|   tmp_3_i_reg_406   |   32   |
|  tmp_4_i_i_reg_474  |   32   |
|   tmp_4_i_reg_394   |   32   |
|    tmp_4_reg_454    |   10   |
|  tmp_5_i_i_reg_490  |   32   |
|   tmp_5_i_reg_411   |   32   |
|   tmp_6_i_reg_400   |   32   |
|  tmp_7_i_i_reg_495  |   32   |
|   tmp_7_i_reg_416   |   32   |
|    tmp_i7_reg_440   |   64   |
|    tmp_i_reg_388    |   32   |
+---------------------+--------+
|        Total        |   504  |
+---------------------+--------+

* Multiplexer (MUX) list: 
|----------------------|------|------|------|--------||---------||---------|
|         Comp         |  Pin | Size |  BW  | S x BW ||  Delay  ||   LUT   |
|----------------------|------|------|------|--------||---------||---------|
|   grp_access_fu_76   |  p0  |   3  |  32  |   96   |
|   grp_access_fu_76   |  p2  |   3  |   0  |    0   ||    9    |
|   grp_access_fu_82   |  p0  |   6  |   9  |   54   ||    33   |
|   grp_access_fu_82   |  p2  |   6  |   0  |    0   ||    33   |
|   grp_access_fu_124  |  p0  |   2  |   1  |    2   ||    9    |
|   grp_access_fu_124  |  p1  |   2  |  32  |   64   ||    9    |
|   grp_access_fu_124  |  p2  |   2  |   0  |    0   ||    9    |
|   grp_access_fu_124  |  p4  |   2  |   1  |    2   ||    9    |
|   grp_access_fu_151  |  p0  |   2  |   2  |    4   ||    9    |
| index_assign_reg_203 |  p0  |   2  |   7  |   14   ||    9    |
|----------------------|------|------|------|--------||---------||---------|
|         Total        |      |      |      |   236  || 18.1475 ||   129   |
|----------------------|------|------|------|--------||---------||---------|



* Summary:
+-----------+--------+--------+--------+--------+--------+
|           |  BRAM  | DSP48E |  Delay |   FF   |   LUT  |
+-----------+--------+--------+--------+--------+--------+
|  Function |    -   |   15   |    -   |    0   |   489  |
|   Memory  |    0   |    -   |    -   |   64   |    2   |
|Multiplexer|    -   |    -   |   18   |    -   |   129  |
|  Register |    -   |    -   |    -   |   504  |    -   |
+-----------+--------+--------+--------+--------+--------+
|   Total   |    0   |   15   |   18   |   568  |   620  |
+-----------+--------+--------+--------+--------+--------+
